### 编译和执行

```shell
➜  java git:(master) ✗ ls
week01 week02
➜  java git:(master) ✗ javac week02/GCLogAnalysis.java

➜  java git:(master) ✗ java week02.GCLogAnalysis
正在执行...
执行结束!共生成对象次数:13290
```



### +PrintGCDetails

```shell
➜  java git:(master) ✗ java -XX:+PrintGCDetails week02.GCLogAnalysis
正在执行...
[GC (Allocation Failure) [PSYoungGen: 65536K->10743K(76288K)] 65536K->21037K(251392K), 0.0076725 secs] [Times: user=0.02 sys=0.03, real=0.01 secs]
[GC (Allocation Failure) [PSYoungGen: 76279K->10742K(141824K)] 86573K->40568K(316928K), 0.0098085 secs] [Times: user=0.02 sys=0.04, real=0.01 secs]
[GC (Allocation Failure) [PSYoungGen: 141753K->10750K(141824K)] 171579K->85492K(316928K), 0.0158500 secs] [Times: user=0.03 sys=0.07, real=0.02 secs]
[GC (Allocation Failure) [PSYoungGen: 141822K->10751K(272896K)] 216564K->129549K(448000K), 0.0213771 secs] [Times: user=0.04 sys=0.09, real=0.02 secs]
[Full GC (Ergonomics) [PSYoungGen: 10751K->0K(272896K)] [ParOldGen: 118798K->117461K(256000K)] 129549K->117461K(528896K), [Metaspace: 2710K->2710K(1056768K)], 0.0208870 secs] [Times: user=0.11 sys=0.00, real=0.02 secs]
[GC (Allocation Failure) [PSYoungGen: 262122K->10745K(272896K)] 379584K->202262K(528896K), 0.0211231 secs] [Times: user=0.03 sys=0.09, real=0.02 secs]
[Full GC (Ergonomics) [PSYoungGen: 10745K->0K(272896K)] [ParOldGen: 191517K->179118K(365568K)] 202262K->179118K(638464K), [Metaspace: 2710K->2710K(1056768K)], 0.0203571 secs] [Times: user=0.12 sys=0.01, real=0.02 secs]
[GC (Allocation Failure) [PSYoungGen: 262144K->88497K(542208K)] 441262K->267616K(907776K), 0.0258131 secs] [Times: user=0.05 sys=0.11, real=0.03 secs]
[GC (Allocation Failure) [PSYoungGen: 536497K->109054K(557056K)] 715616K->373378K(922624K), 0.0469162 secs] [Times: user=0.09 sys=0.20, real=0.05 secs]
[GC (Allocation Failure) [PSYoungGen: 557054K->170993K(892928K)] 821378K->465574K(1258496K), 0.0530897 secs] [Times: user=0.11 sys=0.23, real=0.06 secs]
[Full GC (Ergonomics) [PSYoungGen: 170993K->0K(892928K)] [ParOldGen: 294580K->316645K(527872K)] 465574K->316645K(1420800K), [Metaspace: 2710K->2710K(1056768K)], 0.0428075 secs] [Times: user=0.22 sys=0.03, real=0.04 secs]
[GC (Allocation Failure) [PSYoungGen: 721920K->198540K(936960K)] 1038565K->515185K(1464832K), 0.0509046 secs] [Times: user=0.09 sys=0.23, real=0.05 secs]
[GC (Allocation Failure) [PSYoungGen: 920460K->244728K(1043456K)] 1237105K->604666K(1571328K), 0.1528125 secs] [Times: user=0.13 sys=0.23, real=0.16 secs]
执行结束!共生成对象次数:12325
Heap
 PSYoungGen      total 1043456K, used 276861K [0x000000076ab00000, 0x00000007c0000000, 0x00000007c0000000)
  eden space 798720K, 4% used [0x000000076ab00000,0x000000076ca61348,0x000000079b700000)
  from space 244736K, 99% used [0x00000007b1100000,0x00000007bfffe0d0,0x00000007c0000000)
  to   space 299520K, 0% used [0x000000079b700000,0x000000079b700000,0x00000007adb80000)
 ParOldGen       total 527872K, used 359938K [0x00000006c0000000, 0x00000006e0380000, 0x000000076ab00000)
  object space 527872K, 68% used [0x00000006c0000000,0x00000006d5f80948,0x00000006e0380000)
 Metaspace       used 2717K, capacity 4486K, committed 4864K, reserved 1056768K
  class space    used 280K, capacity 386K, committed 512K, reserved 1048576K
  
```



### -Xms -Xmx

```shell
➜  java git:(master) ✗ java -XX:+PrintGCDetails -Xms1g -Xmx1g week02.GCLogAnalysis
正在执行...
[GC (Allocation Failure) [PSYoungGen: 262144K->43511K(305664K)] 262144K->81084K(1005056K), 0.0230908 secs] [Times: user=0.04 sys=0.11, real=0.02 secs]
[GC (Allocation Failure) [PSYoungGen: 305655K->43518K(305664K)] 343228K->156201K(1005056K), 0.0381970 secs] [Times: user=0.06 sys=0.16, real=0.04 secs]
[GC (Allocation Failure) [PSYoungGen: 305662K->43512K(305664K)] 418345K->224806K(1005056K), 0.0316553 secs] [Times: user=0.08 sys=0.11, real=0.04 secs]
[GC (Allocation Failure) [PSYoungGen: 305656K->43519K(305664K)] 486950K->299432K(1005056K), 0.0314863 secs] [Times: user=0.08 sys=0.11, real=0.04 secs]
[GC (Allocation Failure) [PSYoungGen: 305663K->43504K(305664K)] 561576K->368739K(1005056K), 0.0278158 secs] [Times: user=0.08 sys=0.10, real=0.02 secs]
[GC (Allocation Failure) [PSYoungGen: 305648K->43516K(160256K)] 630883K->435676K(859648K), 0.0301420 secs] [Times: user=0.09 sys=0.11, real=0.03 secs]
[GC (Allocation Failure) [PSYoungGen: 160252K->66796K(232960K)] 552412K->466127K(932352K), 0.0115235 secs] [Times: user=0.05 sys=0.00, real=0.01 secs]
[GC (Allocation Failure) [PSYoungGen: 182935K->94826K(232960K)] 582266K->499583K(932352K), 0.0137339 secs] [Times: user=0.07 sys=0.01, real=0.01 secs]
[GC (Allocation Failure) [PSYoungGen: 211562K->108656K(232960K)] 616319K->531031K(932352K), 0.0193302 secs] [Times: user=0.09 sys=0.03, real=0.02 secs]
[GC (Allocation Failure) [PSYoungGen: 224825K->77092K(232960K)] 647200K->559352K(932352K), 0.0297217 secs] [Times: user=0.07 sys=0.09, real=0.03 secs]
[GC (Allocation Failure) [PSYoungGen: 193828K->42320K(232960K)] 676088K->592784K(932352K), 0.0241751 secs] [Times: user=0.06 sys=0.09, real=0.02 secs]
[GC (Allocation Failure) [PSYoungGen: 159056K->33285K(232960K)] 709520K->621699K(932352K), 0.0150817 secs] [Times: user=0.04 sys=0.05, real=0.01 secs]
[GC (Allocation Failure) [PSYoungGen: 150021K->40133K(232960K)] 738435K->657396K(932352K), 0.0121837 secs] [Times: user=0.04 sys=0.04, real=0.01 secs]
[Full GC (Ergonomics) [PSYoungGen: 40133K->0K(232960K)] [ParOldGen: 617262K->322893K(699392K)] 657396K->322893K(932352K), [Metaspace: 2710K->2710K(1056768K)], 0.0484088 secs] [Times: user=0.26 sys=0.01, real=0.05 secs]
[GC (Allocation Failure) [PSYoungGen: 116736K->40158K(232960K)] 439629K->363051K(932352K), 0.0056826 secs] [Times: user=0.02 sys=0.00, real=0.01 secs]
[GC (Allocation Failure) [PSYoungGen: 156894K->37875K(232960K)] 479787K->397357K(932352K), 0.0113532 secs] [Times: user=0.05 sys=0.00, real=0.01 secs]
[GC (Allocation Failure) [PSYoungGen: 154611K->34899K(232960K)] 514093K->428923K(932352K), 0.0114385 secs] [Times: user=0.05 sys=0.00, real=0.01 secs]
[GC (Allocation Failure) [PSYoungGen: 151635K->34876K(232960K)] 545659K->460287K(932352K), 0.0099035 secs] [Times: user=0.05 sys=0.00, real=0.01 secs]
[GC (Allocation Failure) [PSYoungGen: 151612K->40140K(232960K)] 577023K->496199K(932352K), 0.0092780 secs] [Times: user=0.06 sys=0.00, real=0.00 secs]
[GC (Allocation Failure) [PSYoungGen: 156876K->39509K(232960K)] 612935K->531061K(932352K), 0.0099109 secs] [Times: user=0.06 sys=0.00, real=0.01 secs]
执行结束!共生成对象次数:11810
Heap
 PSYoungGen      total 232960K, used 44350K [0x00000007aab00000, 0x00000007c0000000, 0x00000007c0000000)
  eden space 116736K, 4% used [0x00000007aab00000,0x00000007aafba280,0x00000007b1d00000)
  from space 116224K, 33% used [0x00000007b1d00000,0x00000007b43957d8,0x00000007b8e80000)
  to   space 116224K, 0% used [0x00000007b8e80000,0x00000007b8e80000,0x00000007c0000000)
 ParOldGen       total 699392K, used 491551K [0x0000000780000000, 0x00000007aab00000, 0x00000007aab00000)
  object space 699392K, 70% used [0x0000000780000000,0x000000079e007f98,0x00000007aab00000)
 Metaspace       used 2717K, capacity 4486K, committed 4864K, reserved 1056768K
  class space    used 280K, capacity 386K, committed 512K, reserved 1048576K
  
  
➜  java git:(master) ✗ java -XX:+PrintGCDetails -Xms4g -Xmx4g week02.GCLogAnalysis
正在执行...
[GC (Allocation Failure) [PSYoungGen: 1048576K->174589K(1223168K)] 1048576K->225827K(4019712K), 0.0595068 secs] [Times: user=0.11 sys=0.28, real=0.06 secs]
[GC (Allocation Failure) [PSYoungGen: 1223165K->174589K(1223168K)] 1274403K->347344K(4019712K), 0.0766702 secs] [Times: user=0.14 sys=0.36, real=0.07 secs]
[GC (Allocation Failure) [PSYoungGen: 1223165K->174583K(1223168K)] 1395920K->468646K(4019712K), 0.0594125 secs] [Times: user=0.19 sys=0.18, real=0.06 secs]
执行结束!共生成对象次数:12163
Heap
 PSYoungGen      total 1223168K, used 259299K [0x000000076ab00000, 0x00000007c0000000, 0x00000007c0000000)
  eden space 1048576K, 8% used [0x000000076ab00000,0x000000076fdbb388,0x00000007aab00000)
  from space 174592K, 99% used [0x00000007aab00000,0x00000007b557dc58,0x00000007b5580000)
  to   space 174592K, 0% used [0x00000007b5580000,0x00000007b5580000,0x00000007c0000000)
 ParOldGen       total 2796544K, used 294063K [0x00000006c0000000, 0x000000076ab00000, 0x000000076ab00000)
  object space 2796544K, 10% used [0x00000006c0000000,0x00000006d1f2bf68,0x000000076ab00000)
 Metaspace       used 2717K, capacity 4486K, committed 4864K, reserved 1056768K
  class space    used 280K, capacity 386K, committed 512K, reserved 1048576K
  
  
➜  java git:(master) ✗ java -XX:+PrintGCDetails -Xms8g -Xmx8g week02.GCLogAnalysis
正在执行...
执行结束!共生成对象次数:7664
Heap
 PSYoungGen      total 2446848K, used 2097664K [0x0000000715580000, 0x00000007c0000000, 0x00000007c0000000)
  eden space 2097664K, 100% used [0x0000000715580000,0x0000000795600000,0x0000000795600000)
  from space 349184K, 0% used [0x00000007aab00000,0x00000007aab00000,0x00000007c0000000)
  to   space 349184K, 0% used [0x0000000795600000,0x0000000795600000,0x00000007aab00000)
 ParOldGen       total 5592576K, used 0K [0x00000005c0000000, 0x0000000715580000, 0x0000000715580000)
  object space 5592576K, 0% used [0x00000005c0000000,0x00000005c0000000,0x0000000715580000)
 Metaspace       used 2716K, capacity 4486K, committed 4864K, reserved 1056768K
 class space    used 280K, capacity 386K, committed 512K, reserved 1048576K
```



### -XX:+PrintGCDateStamps

打印时间

```shell
➜  java git:(master) ✗ java -XX:+PrintGCDetails -XX:+PrintGCDateStamps -Xms1g -Xmx1g week02.GCLogAnalysis
正在执行...
2021-05-06T23:28:37.655-0800: [GC (Allocation Failure) [PSYoungGen: 262144K->43513K(305664K)] 262144K->82007K(1005056K), 0.0210763 secs] [Times: user=0.04 sys=0.09, real=0.02 secs]
2021-05-06T23:28:37.722-0800: [GC (Allocation Failure) [PSYoungGen: 305657K->43519K(305664K)] 344151K->148494K(1005056K), 0.0288179 secs] [Times: user=0.05 sys=0.13, real=0.03 secs]
2021-05-06T23:28:37.800-0800: [GC (Allocation Failure) [PSYoungGen: 305663K->43510K(305664K)] 410638K->218179K(1005056K), 0.0249858 secs] [Times: user=0.07 sys=0.09, real=0.02 secs]
2021-05-06T23:28:37.870-0800: [GC (Allocation Failure) [PSYoungGen: 305654K->43506K(305664K)] 480323K->291390K(1005056K), 0.0279999 secs] [Times: user=0.07 sys=0.11, real=0.02 secs]
2021-05-06T23:28:37.938-0800: [GC (Allocation Failure) [PSYoungGen: 305650K->43510K(305664K)] 553534K->358479K(1005056K), 0.0271981 secs] [Times: user=0.07 sys=0.08, real=0.03 secs]
2021-05-06T23:28:38.001-0800: [GC (Allocation Failure) [PSYoungGen: 305312K->43517K(160256K)] 620282K->437766K(859648K), 0.0316466 secs] [Times: user=0.07 sys=0.10, real=0.03 secs]
2021-05-06T23:28:38.057-0800: [GC (Allocation Failure) [PSYoungGen: 160253K->67198K(232960K)] 554502K->468722K(932352K), 0.0091341 secs] [Times: user=0.05 sys=0.01, real=0.01 secs]
2021-05-06T23:28:38.088-0800: [GC (Allocation Failure) [PSYoungGen: 183934K->85364K(232960K)] 585458K->499227K(932352K), 0.0132402 secs] [Times: user=0.06 sys=0.01, real=0.02 secs]
2021-05-06T23:28:38.130-0800: [GC (Allocation Failure) [PSYoungGen: 202100K->93480K(232960K)] 615963K->521729K(932352K), 0.0179386 secs] [Times: user=0.09 sys=0.01, real=0.01 secs]
2021-05-06T23:28:38.173-0800: [GC (Allocation Failure) [PSYoungGen: 210216K->74131K(232960K)] 638465K->555749K(932352K), 0.0239955 secs] [Times: user=0.07 sys=0.07, real=0.02 secs]
2021-05-06T23:28:38.218-0800: [GC (Allocation Failure) [PSYoungGen: 190753K->37408K(232960K)] 672370K->585266K(932352K), 0.0211358 secs] [Times: user=0.05 sys=0.07, real=0.03 secs]
2021-05-06T23:28:38.262-0800: [GC (Allocation Failure) [PSYoungGen: 154054K->39695K(232960K)] 701912K->621351K(932352K), 0.0132457 secs] [Times: user=0.04 sys=0.04, real=0.01 secs]
2021-05-06T23:28:38.293-0800: [GC (Allocation Failure) [PSYoungGen: 156431K->38363K(232960K)] 738087K->655576K(932352K), 0.0129957 secs] [Times: user=0.04 sys=0.04, real=0.01 secs]
2021-05-06T23:28:38.306-0800: [Full GC (Ergonomics) [PSYoungGen: 38363K->0K(232960K)] [ParOldGen: 617212K->329585K(699392K)] 655576K->329585K(932352K), [Metaspace: 2710K->2710K(1056768K)], 0.0507003 secs] [Times: user=0.27 sys=0.01, real=0.05 secs]
2021-05-06T23:28:38.383-0800: [GC (Allocation Failure) [PSYoungGen: 116736K->37974K(232960K)] 446321K->367560K(932352K), 0.0066225 secs] [Times: user=0.04 sys=0.01, real=0.01 secs]
2021-05-06T23:28:38.413-0800: [GC (Allocation Failure) [PSYoungGen: 154540K->36455K(232960K)] 484126K->398528K(932352K), 0.0091611 secs] [Times: user=0.06 sys=0.00, real=0.01 secs]
2021-05-06T23:28:38.447-0800: [GC (Allocation Failure) [PSYoungGen: 153191K->35367K(232960K)] 515264K->430630K(932352K), 0.0089332 secs] [Times: user=0.05 sys=0.00, real=0.01 secs]
执行结束!共生成对象次数:10319
Heap
 PSYoungGen      total 232960K, used 62896K [0x00000007aab00000, 0x00000007c0000000, 0x00000007c0000000)
  eden space 116736K, 23% used [0x00000007aab00000,0x00000007ac5e2420,0x00000007b1d00000)
  from space 116224K, 30% used [0x00000007b8e80000,0x00000007bb109df0,0x00000007c0000000)
  to   space 116224K, 0% used [0x00000007b1d00000,0x00000007b1d00000,0x00000007b8e80000)
 ParOldGen       total 699392K, used 395262K [0x0000000780000000, 0x00000007aab00000, 0x00000007aab00000)
  object space 699392K, 56% used [0x0000000780000000,0x00000007981ffbb8,0x00000007aab00000)
 Metaspace       used 2717K, capacity 4486K, committed 4864K, reserved 1056768K
  class space    used 280K, capacity 386K, committed 512K, reserved 1048576K
```



### -Xloggc:gc.demo.log

指定gc日志打印路径

```shell
➜  java git:(master) ✗ java -XX:+PrintGCDetails -XX:+PrintGCDateStamps -Xloggc:gc.demo.log -Xms1g -Xmx1g week02.GCLogAnalysis
正在执行...
执行结束!共生成对象次数:12609
➜  java git:(master) ✗ ls
gc.demo.log week01      week02
➜  java git:(master) ✗ cat gc.demo.log
OpenJDK 64-Bit Server VM (25.232-b09) for bsd-amd64 JRE (1.8.0_232-b09), built on Oct 19 2019 07:00:21 by "jenkins" with gcc 4.2.1 (Based on Apple Inc. build 5658) (LLVM build 2336.11.00)
Memory: 4k page, physical 16777216k(2383756k free)

/proc/meminfo:

CommandLine flags: -XX:InitialHeapSize=1073741824 -XX:MaxHeapSize=1073741824 -XX:+PrintGC -XX:+PrintGCDateStamps -XX:+PrintGCDetails -XX:+PrintGCTimeStamps -XX:+UseCompressedClassPointers -XX:+UseCompressedOops -XX:+UseParallelGC
2021-05-06T23:32:56.356-0800: 0.263: [GC (Allocation Failure) [PSYoungGen: 262144K->43509K(305664K)] 262144K->82785K(1005056K), 0.0207387 secs] [Times: user=0.04 sys=0.10, real=0.02 secs]
2021-05-06T23:32:56.418-0800: 0.325: [GC (Allocation Failure) [PSYoungGen: 305653K->43514K(305664K)] 344929K->155797K(1005056K), 0.0280487 secs] [Times: user=0.05 sys=0.13, real=0.03 secs]
2021-05-06T23:32:56.483-0800: 0.390: [GC (Allocation Failure) [PSYoungGen: 305658K->43508K(305664K)] 417941K->229840K(1005056K), 0.0236679 secs] [Times: user=0.06 sys=0.08, real=0.02 secs]
2021-05-06T23:32:56.541-0800: 0.448: [GC (Allocation Failure) [PSYoungGen: 305652K->43508K(305664K)] 491984K->299807K(1005056K), 0.0230371 secs] [Times: user=0.06 sys=0.08, real=0.02 secs]
2021-05-06T23:32:56.601-0800: 0.508: [GC (Allocation Failure) [PSYoungGen: 305652K->43517K(305664K)] 561951K->370574K(1005056K), 0.0221443 secs] [Times: user=0.06 sys=0.08, real=0.02 secs]
2021-05-06T23:32:56.659-0800: 0.566: [GC (Allocation Failure) [PSYoungGen: 305479K->43510K(160256K)] 632537K->438423K(859648K), 0.0220048 secs] [Times: user=0.07 sys=0.08, real=0.03 secs]
2021-05-06T23:32:56.699-0800: 0.606: [GC (Allocation Failure) [PSYoungGen: 160189K->70575K(232960K)] 555103K->469912K(932352K), 0.0081956 secs] [Times: user=0.05 sys=0.01, real=0.01 secs]
2021-05-06T23:32:56.723-0800: 0.630: [GC (Allocation Failure) [PSYoungGen: 187311K->89558K(232960K)] 586648K->500177K(932352K), 0.0128640 secs] [Times: user=0.07 sys=0.01, real=0.01 secs]
2021-05-06T23:32:56.755-0800: 0.662: [GC (Allocation Failure) [PSYoungGen: 205853K->108966K(232960K)] 616472K->536044K(932352K), 0.0158056 secs] [Times: user=0.08 sys=0.02, real=0.02 secs]
2021-05-06T23:32:56.793-0800: 0.700: [GC (Allocation Failure) [PSYoungGen: 225702K->84552K(232960K)] 652780K->570733K(932352K), 0.0217742 secs] [Times: user=0.06 sys=0.07, real=0.02 secs]
2021-05-06T23:32:56.830-0800: 0.737: [GC (Allocation Failure) [PSYoungGen: 201288K->36464K(232960K)] 687469K->595976K(932352K), 0.0211209 secs] [Times: user=0.05 sys=0.08, real=0.02 secs]
2021-05-06T23:32:56.867-0800: 0.774: [GC (Allocation Failure) [PSYoungGen: 153200K->38040K(232960K)] 712712K->630562K(932352K), 0.0125687 secs] [Times: user=0.04 sys=0.03, real=0.01 secs]
2021-05-06T23:32:56.896-0800: 0.803: [GC (Allocation Failure) [PSYoungGen: 154776K->48466K(232960K)] 747298K->676531K(932352K), 0.0135396 secs] [Times: user=0.04 sys=0.04, real=0.01 secs]
2021-05-06T23:32:56.909-0800: 0.816: [Full GC (Ergonomics) [PSYoungGen: 48466K->0K(232960K)] [ParOldGen: 628064K->341526K(699392K)] 676531K->341526K(932352K), [Metaspace: 2710K->2710K(1056768K)], 0.0454900 secs] [Times: user=0.26 sys=0.01, real=0.05 secs]
2021-05-06T23:32:56.974-0800: 0.881: [GC (Allocation Failure) [PSYoungGen: 116668K->37635K(232960K)] 458195K->379161K(932352K), 0.0037332 secs] [Times: user=0.02 sys=0.00, real=0.00 secs]
2021-05-06T23:32:57.001-0800: 0.908: [GC (Allocation Failure) [PSYoungGen: 154337K->41700K(232960K)] 495863K->418306K(932352K), 0.0080687 secs] [Times: user=0.06 sys=0.00, real=0.00 secs]
2021-05-06T23:32:57.027-0800: 0.934: [GC (Allocation Failure) [PSYoungGen: 158436K->46884K(232960K)] 535042K->460047K(932352K), 0.0087937 secs] [Times: user=0.07 sys=0.00, real=0.01 secs]
2021-05-06T23:32:57.058-0800: 0.965: [GC (Allocation Failure) [PSYoungGen: 163538K->38877K(232960K)] 576701K->495707K(932352K), 0.0083753 secs] [Times: user=0.06 sys=0.00, real=0.01 secs]
2021-05-06T23:32:57.086-0800: 0.993: [GC (Allocation Failure) [PSYoungGen: 155536K->44906K(232960K)] 612366K->538587K(932352K), 0.0089983 secs] [Times: user=0.06 sys=0.00, real=0.01 secs]
2021-05-06T23:32:57.116-0800: 1.023: [GC (Allocation Failure) [PSYoungGen: 161642K->34608K(232960K)] 655323K->570271K(932352K), 0.0083102 secs] [Times: user=0.07 sys=0.00, real=0.01 secs]
2021-05-06T23:32:57.144-0800: 1.051: [GC (Allocation Failure) [PSYoungGen: 151319K->38352K(232960K)] 686982K->603606K(932352K), 0.0075752 secs] [Times: user=0.05 sys=0.00, real=0.01 secs]
2021-05-06T23:32:57.171-0800: 1.078: [GC (Allocation Failure) [PSYoungGen: 155088K->37493K(232960K)] 720342K->636323K(932352K), 0.0079663 secs] [Times: user=0.05 sys=0.00, real=0.00 secs]
Heap
 PSYoungGen      total 232960K, used 45714K [0x00000007aab00000, 0x00000007c0000000, 0x00000007c0000000)
  eden space 116736K, 7% used [0x00000007aab00000,0x00000007ab3071e8,0x00000007b1d00000)
  from space 116224K, 32% used [0x00000007b1d00000,0x00000007b419d7c0,0x00000007b8e80000)
  to   space 116224K, 0% used [0x00000007b8e80000,0x00000007b8e80000,0x00000007c0000000)
 ParOldGen       total 699392K, used 598829K [0x0000000780000000, 0x00000007aab00000, 0x00000007aab00000)
  object space 699392K, 85% used [0x0000000780000000,0x00000007a48cb7e8,0x00000007aab00000)
 Metaspace       used 2717K, capacity 4486K, committed 4864K, reserved 1056768K
  class space    used 280K, capacity 386K, committed 512K, reserved 1048576K
```

### 行分析

```less
2021-05-06T23:32:56.356-0800: 0.263: [GC (Allocation Failure) [PSYoungGen: 262144K->43509K(305664K)] 262144K->82785K(1005056K), 0.0207387 secs] [Times: user=0.04 sys=0.10, real=0.02 secs]

一次young gc。 

`0.0207387 secs` STW时间



### 模拟OOM

```shell
➜  java git:(master) ✗  java -XX:+PrintGCDetails -XX:+PrintGCDateStamps -Xms256m -Xmx256m week02.GCLogAnalysis
正在执行...
2021-05-06T23:39:30.992-0800: [GC (Allocation Failure) [PSYoungGen: 65310K->10745K(76288K)] 65310K->22744K(251392K), 0.0087187 secs] [Times: user=0.01 sys=0.03, real=0.01 secs]
2021-05-06T23:39:31.020-0800: [GC (Allocation Failure) [PSYoungGen: 76245K->10749K(76288K)] 88243K->43529K(251392K), 0.0083592 secs] [Times: user=0.01 sys=0.04, real=0.00 secs]
2021-05-06T23:39:31.037-0800: [GC (Allocation Failure) [PSYoungGen: 75667K->10734K(76288K)] 108447K->65630K(251392K), 0.0082496 secs] [Times: user=0.02 sys=0.03, real=0.01 secs]
2021-05-06T23:39:31.062-0800: [GC (Allocation Failure) [PSYoungGen: 76270K->10745K(76288K)] 131166K->84710K(251392K), 0.0136465 secs] [Times: user=0.04 sys=0.03, real=0.01 secs]
2021-05-06T23:39:31.092-0800: [GC (Allocation Failure) [PSYoungGen: 76281K->10748K(76288K)] 150246K->109090K(251392K), 0.0139895 secs] [Times: user=0.03 sys=0.04, real=0.01 secs]
2021-05-06T23:39:31.121-0800: [GC (Allocation Failure) [PSYoungGen: 76232K->10733K(40448K)] 174573K->129724K(215552K), 0.0104194 secs] [Times: user=0.03 sys=0.03, real=0.01 secs]
2021-05-06T23:39:31.143-0800: [GC (Allocation Failure) [PSYoungGen: 40429K->18789K(58368K)] 159420K->140944K(233472K), 0.0040051 secs] [Times: user=0.02 sys=0.00, real=0.00 secs]
2021-05-06T23:39:31.154-0800: [GC (Allocation Failure) [PSYoungGen: 48319K->26617K(58368K)] 170475K->151221K(233472K), 0.0047034 secs] [Times: user=0.03 sys=0.00, real=0.00 secs]
2021-05-06T23:39:31.164-0800: [GC (Allocation Failure) [PSYoungGen: 56313K->28666K(58368K)] 180917K->162900K(233472K), 0.0080643 secs] [Times: user=0.04 sys=0.01, real=0.01 secs]
2021-05-06T23:39:31.182-0800: [GC (Allocation Failure) [PSYoungGen: 57976K->23445K(58368K)] 192211K->175305K(233472K), 0.0156784 secs] [Times: user=0.04 sys=0.04, real=0.01 secs]
2021-05-06T23:39:31.198-0800: [Full GC (Ergonomics) [PSYoungGen: 23445K->0K(58368K)] [ParOldGen: 151859K->152276K(175104K)] 175305K->152276K(233472K), [Metaspace: 2710K->2710K(1056768K)], 0.0353690 secs] [Times: user=0.18 sys=0.01, real=0.04 secs]
2021-05-06T23:39:31.242-0800: [Full GC (Ergonomics) [PSYoungGen: 29693K->0K(58368K)] [ParOldGen: 152276K->158027K(175104K)] 181970K->158027K(233472K), [Metaspace: 2710K->2710K(1056768K)], 0.0302809 secs] [Times: user=0.17 sys=0.01, real=0.03 secs]
2021-05-06T23:39:31.281-0800: [Full GC (Ergonomics) [PSYoungGen: 29696K->0K(58368K)] [ParOldGen: 158027K->164592K(175104K)] 187723K->164592K(233472K), [Metaspace: 2710K->2710K(1056768K)], 0.0254457 secs] [Times: user=0.13 sys=0.02, real=0.02 secs]
2021-05-06T23:39:31.311-0800: [Full GC (Ergonomics) [PSYoungGen: 29695K->0K(58368K)] [ParOldGen: 164592K->172400K(175104K)] 194287K->172400K(233472K), [Metaspace: 2710K->2710K(1056768K)], 0.0205021 secs] [Times: user=0.12 sys=0.01, real=0.02 secs]
2021-05-06T23:39:31.339-0800: [Full GC (Ergonomics) [PSYoungGen: 29696K->4490K(58368K)] [ParOldGen: 172400K->174975K(175104K)] 202096K->179465K(233472K), [Metaspace: 2710K->2710K(1056768K)], 0.0247816 secs] [Times: user=0.14 sys=0.01, real=0.03 secs]
2021-05-06T23:39:31.369-0800: [Full GC (Ergonomics) [PSYoungGen: 29674K->8617K(58368K)] [ParOldGen: 174975K->174901K(175104K)] 204649K->183519K(233472K), [Metaspace: 2710K->2710K(1056768K)], 0.0184006 secs] [Times: user=0.12 sys=0.00, real=0.02 secs]
2021-05-06T23:39:31.391-0800: [Full GC (Ergonomics) [PSYoungGen: 29687K->13299K(58368K)] [ParOldGen: 174901K->174764K(175104K)] 204589K->188063K(233472K), [Metaspace: 2710K->2710K(1056768K)], 0.0264143 secs] [Times: user=0.17 sys=0.00, real=0.02 secs]
2021-05-06T23:39:31.421-0800: [Full GC (Ergonomics) [PSYoungGen: 29655K->15116K(58368K)] [ParOldGen: 174764K->174539K(175104K)] 204419K->189655K(233472K), [Metaspace: 2710K->2710K(1056768K)], 0.0192273 secs] [Times: user=0.11 sys=0.00, real=0.02 secs]
2021-05-06T23:39:31.443-0800: [Full GC (Ergonomics) [PSYoungGen: 29587K->17563K(58368K)] [ParOldGen: 174539K->174635K(175104K)] 204126K->192198K(233472K), [Metaspace: 2710K->2710K(1056768K)], 0.0229198 secs] [Times: user=0.14 sys=0.00, real=0.02 secs]
2021-05-06T23:39:31.468-0800: [Full GC (Ergonomics) [PSYoungGen: 28923K->19503K(58368K)] [ParOldGen: 174635K->174645K(175104K)] 203558K->194149K(233472K), [Metaspace: 2710K->2710K(1056768K)], 0.0206686 secs] [Times: user=0.11 sys=0.00, real=0.02 secs]
2021-05-06T23:39:31.491-0800: [Full GC (Ergonomics) [PSYoungGen: 29681K->20351K(58368K)] [ParOldGen: 174645K->174832K(175104K)] 204327K->195183K(233472K), [Metaspace: 2710K->2710K(1056768K)], 0.0236086 secs] [Times: user=0.16 sys=0.01, real=0.02 secs]
2021-05-06T23:39:31.517-0800: [Full GC (Ergonomics) [PSYoungGen: 29696K->22113K(58368K)] [ParOldGen: 174832K->174857K(175104K)] 204528K->196970K(233472K), [Metaspace: 2710K->2710K(1056768K)], 0.0275125 secs] [Times: user=0.18 sys=0.00, real=0.03 secs]
2021-05-06T23:39:31.546-0800: [Full GC (Ergonomics) [PSYoungGen: 29587K->23937K(58368K)] [ParOldGen: 174857K->174805K(175104K)] 204444K->198742K(233472K), [Metaspace: 2710K->2710K(1056768K)], 0.0257907 secs] [Times: user=0.16 sys=0.00, real=0.03 secs]
2021-05-06T23:39:31.573-0800: [Full GC (Ergonomics) [PSYoungGen: 29679K->24642K(58368K)] [ParOldGen: 174805K->174590K(175104K)] 204485K->199233K(233472K), [Metaspace: 2710K->2710K(1056768K)], 0.0277680 secs] [Times: user=0.18 sys=0.00, real=0.03 secs]
2021-05-06T23:39:31.602-0800: [Full GC (Ergonomics) [PSYoungGen: 29574K->24495K(58368K)] [ParOldGen: 174590K->174690K(175104K)] 204165K->199186K(233472K), [Metaspace: 2710K->2710K(1056768K)], 0.0241746 secs] [Times: user=0.16 sys=0.00, real=0.02 secs]
2021-05-06T23:39:31.628-0800: [Full GC (Ergonomics) [PSYoungGen: 29601K->25195K(58368K)] [ParOldGen: 174690K->174345K(175104K)] 204291K->199541K(233472K), [Metaspace: 2710K->2710K(1056768K)], 0.0201871 secs] [Times: user=0.14 sys=0.00, real=0.02 secs]
2021-05-06T23:39:31.649-0800: [Full GC (Ergonomics) [PSYoungGen: 29696K->25405K(58368K)] [ParOldGen: 174345K->174924K(175104K)] 204041K->200329K(233472K), [Metaspace: 2710K->2710K(1056768K)], 0.0266453 secs] [Times: user=0.18 sys=0.01, real=0.03 secs]
2021-05-06T23:39:31.676-0800: [Full GC (Ergonomics) [PSYoungGen: 29543K->25506K(58368K)] [ParOldGen: 174924K->175066K(175104K)] 204467K->200573K(233472K), [Metaspace: 2710K->2710K(1056768K)], 0.0285423 secs] [Times: user=0.18 sys=0.00, real=0.03 secs]
2021-05-06T23:39:31.706-0800: [Full GC (Ergonomics) [PSYoungGen: 29588K->26627K(58368K)] [ParOldGen: 175066K->174824K(175104K)] 204655K->201452K(233472K), [Metaspace: 2710K->2710K(1056768K)], 0.0171909 secs] [Times: user=0.11 sys=0.00, real=0.02 secs]
2021-05-06T23:39:31.724-0800: [Full GC (Ergonomics) [PSYoungGen: 29611K->27195K(58368K)] [ParOldGen: 174824K->174821K(175104K)] 204436K->202016K(233472K), [Metaspace: 2710K->2710K(1056768K)], 0.0141060 secs] [Times: user=0.09 sys=0.00, real=0.01 secs]
2021-05-06T23:39:31.738-0800: [Full GC (Ergonomics) [PSYoungGen: 29686K->27502K(58368K)] [ParOldGen: 174821K->175066K(175104K)] 204508K->202568K(233472K), [Metaspace: 2710K->2710K(1056768K)], 0.0215071 secs] [Times: user=0.14 sys=0.00, real=0.03 secs]
2021-05-06T23:39:31.760-0800: [Full GC (Ergonomics) [PSYoungGen: 29688K->28025K(58368K)] [ParOldGen: 175066K->174635K(175104K)] 204755K->202661K(233472K), [Metaspace: 2710K->2710K(1056768K)], 0.0066993 secs] [Times: user=0.04 sys=0.00, real=0.00 secs]
2021-05-06T23:39:31.767-0800: [Full GC (Ergonomics) [PSYoungGen: 29388K->27989K(58368K)] [ParOldGen: 174635K->174635K(175104K)] 204024K->202624K(233472K), [Metaspace: 2710K->2710K(1056768K)], 0.0031725 secs] [Times: user=0.01 sys=0.00, real=0.01 secs]
2021-05-06T23:39:31.771-0800: [Full GC (Ergonomics) [PSYoungGen: 29683K->28797K(58368K)] [ParOldGen: 174635K->174635K(175104K)] 204318K->203432K(233472K), [Metaspace: 2710K->2710K(1056768K)], 0.0018773 secs] [Times: user=0.01 sys=0.00, real=0.00 secs]
2021-05-06T23:39:31.773-0800: [Full GC (Ergonomics) [PSYoungGen: 29675K->28666K(58368K)] [ParOldGen: 174635K->174444K(175104K)] 204311K->203110K(233472K), [Metaspace: 2710K->2710K(1056768K)], 0.0048524 secs] [Times: user=0.03 sys=0.00, real=0.00 secs]
2021-05-06T23:39:31.778-0800: [Full GC (Ergonomics) [PSYoungGen: 29410K->28719K(58368K)] [ParOldGen: 174444K->174314K(175104K)] 203855K->203034K(233472K), [Metaspace: 2710K->2710K(1056768K)], 0.0147246 secs] [Times: user=0.09 sys=0.00, real=0.02 secs]
2021-05-06T23:39:31.793-0800: [Full GC (Ergonomics) [PSYoungGen: 29517K->27879K(58368K)] [ParOldGen: 174314K->175084K(175104K)] 203832K->202963K(233472K), [Metaspace: 2710K->2710K(1056768K)], 0.0062100 secs] [Times: user=0.04 sys=0.00, real=0.00 secs]
2021-05-06T23:39:31.799-0800: [Full GC (Ergonomics) [PSYoungGen: 29033K->28133K(58368K)] [ParOldGen: 175084K->174962K(175104K)] 204117K->203095K(233472K), [Metaspace: 2710K->2710K(1056768K)], 0.0043844 secs] [Times: user=0.02 sys=0.00, real=0.01 secs]
2021-05-06T23:39:31.804-0800: [Full GC (Ergonomics) [PSYoungGen: 29615K->28388K(58368K)] [ParOldGen: 174962K->175025K(175104K)] 204577K->203414K(233472K), [Metaspace: 2710K->2710K(1056768K)], 0.0181768 secs] [Times: user=0.12 sys=0.01, real=0.02 secs]
2021-05-06T23:39:31.823-0800: [Full GC (Ergonomics) [PSYoungGen: 29582K->28154K(58368K)] [ParOldGen: 175025K->175025K(175104K)] 204608K->203180K(233472K), [Metaspace: 2710K->2710K(1056768K)], 0.0041054 secs] [Times: user=0.02 sys=0.00, real=0.00 secs]
2021-05-06T23:39:31.827-0800: [Full GC (Ergonomics) [PSYoungGen: 29595K->28716K(58368K)] [ParOldGen: 175025K->174896K(175104K)] 204621K->203613K(233472K), [Metaspace: 2710K->2710K(1056768K)], 0.0045814 secs] [Times: user=0.02 sys=0.00, real=0.01 secs]
2021-05-06T23:39:31.832-0800: [Full GC (Ergonomics) [PSYoungGen: 29670K->28858K(58368K)] [ParOldGen: 174896K->174601K(175104K)] 204566K->203460K(233472K), [Metaspace: 2710K->2710K(1056768K)], 0.0247971 secs] [Times: user=0.17 sys=0.00, real=0.02 secs]
2021-05-06T23:39:31.857-0800: [Full GC (Ergonomics) [PSYoungGen: 29452K->28840K(58368K)] [ParOldGen: 174601K->174513K(175104K)] 204054K->203353K(233472K), [Metaspace: 2710K->2710K(1056768K)], 0.0226731 secs] [Times: user=0.15 sys=0.00, real=0.03 secs]
2021-05-06T23:39:31.880-0800: [Full GC (Ergonomics) [PSYoungGen: 29660K->29207K(58368K)] [ParOldGen: 174513K->174513K(175104K)] 204174K->203721K(233472K), [Metaspace: 2710K->2710K(1056768K)], 0.0028700 secs] [Times: user=0.01 sys=0.00, real=0.00 secs]
2021-05-06T23:39:31.883-0800: [Full GC (Ergonomics) [PSYoungGen: 29475K->29287K(58368K)] [ParOldGen: 174513K->174513K(175104K)] 203989K->203800K(233472K), [Metaspace: 2710K->2710K(1056768K)], 0.0029600 secs] [Times: user=0.01 sys=0.00, real=0.00 secs]
2021-05-06T23:39:31.886-0800: [Full GC (Ergonomics) [PSYoungGen: 29487K->29287K(58368K)] [ParOldGen: 174957K->174957K(175104K)] 204445K->204244K(233472K), [Metaspace: 2710K->2710K(1056768K)], 0.0114571 secs] [Times: user=0.08 sys=0.00, real=0.01 secs]
2021-05-06T23:39:31.898-0800: [Full GC (Ergonomics) [PSYoungGen: 29693K->29573K(58368K)] [ParOldGen: 174957K->174957K(175104K)] 204650K->204530K(233472K), [Metaspace: 2710K->2710K(1056768K)], 0.0025167 secs] [Times: user=0.01 sys=0.00, real=0.01 secs]
2021-05-06T23:39:31.901-0800: [Full GC (Ergonomics) [PSYoungGen: 29685K->29685K(58368K)] [ParOldGen: 174957K->174957K(175104K)] 204643K->204643K(233472K), [Metaspace: 2710K->2710K(1056768K)], 0.0025721 secs] [Times: user=0.00 sys=0.00, real=0.00 secs]
2021-05-06T23:39:31.903-0800: [Full GC (Ergonomics) [PSYoungGen: 29696K->29685K(58368K)] [ParOldGen: 175079K->174975K(175104K)] 204775K->204661K(233472K), [Metaspace: 2710K->2710K(1056768K)], 0.0018138 secs] [Times: user=0.01 sys=0.00, real=0.00 secs]
2021-05-06T23:39:31.905-0800: [Full GC (Ergonomics) [PSYoungGen: 29685K->29685K(58368K)] [ParOldGen: 175083K->175029K(175104K)] 204769K->204715K(233472K), [Metaspace: 2710K->2710K(1056768K)], 0.0018094 secs] [Times: user=0.00 sys=0.00, real=0.00 secs]
2021-05-06T23:39:31.907-0800: [Full GC (Allocation Failure) [PSYoungGen: 29685K->29685K(58368K)] [ParOldGen: 175029K->175010K(175104K)] 204715K->204696K(233472K), [Metaspace: 2710K->2710K(1056768K)], 0.0179358 secs] [Times: user=0.12 sys=0.00, real=0.02 secs]
Exception in thread "main" java.lang.OutOfMemoryError: Java heap space
	at java.util.Arrays.copyOf(Arrays.java:3332)
	at java.lang.AbstractStringBuilder.ensureCapacityInternal(AbstractStringBuilder.java:124)
	at java.lang.AbstractStringBuilder.append(AbstractStringBuilder.java:674)
	at java.lang.StringBuilder.append(StringBuilder.java:208)
	at week02.GCLogAnalysis.generateGarbage(GCLogAnalysis.java:60)
	at week02.GCLogAnalysis.main(GCLogAnalysis.java:29)
Heap
 PSYoungGen      total 58368K, used 29696K [0x00000007bab00000, 0x00000007c0000000, 0x00000007c0000000)
  eden space 29696K, 100% used [0x00000007bab00000,0x00000007bc800000,0x00000007bc800000)
  from space 28672K, 0% used [0x00000007be400000,0x00000007be400000,0x00000007c0000000)
  to   space 28672K, 0% used [0x00000007bc800000,0x00000007bc800000,0x00000007be400000)
 ParOldGen       total 175104K, used 175012K [0x00000007b0000000, 0x00000007bab00000, 0x00000007bab00000)
  object space 175104K, 99% used [0x00000007b0000000,0x00000007baae9150,0x00000007bab00000)
 Metaspace       used 2741K, capacity 4486K, committed 4864K, reserved 1056768K
  class space    used 283K, capacity 386K, committed 512K, reserved 1048576K
```

### -XX:+UseSerialGC

```shell
➜  java git:(master) ✗ java -XX:+PrintGCDetails -XX:+PrintGCDateStamps -XX:+UseSerialGC -Xms1g -Xmx1g week02.GCLogAnalysis
正在执行...
2021-05-06T23:42:36.641-0800: [GC (Allocation Failure) 2021-05-06T23:42:36.641-0800: [DefNew: 279543K->34944K(314560K), 0.0458932 secs] 279543K->83518K(1013632K), 0.0459315 secs] [Times: user=0.02 sys=0.02, real=0.04 secs]
2021-05-06T23:42:36.729-0800: [GC (Allocation Failure) 2021-05-06T23:42:36.729-0800: [DefNew: 314560K->34944K(314560K), 0.0647427 secs] 363134K->169307K(1013632K), 0.0647785 secs] [Times: user=0.04 sys=0.03, real=0.07 secs]
2021-05-06T23:42:36.831-0800: [GC (Allocation Failure) 2021-05-06T23:42:36.831-0800: [DefNew: 314560K->34943K(314560K), 0.0615425 secs] 448923K->254041K(1013632K), 0.0615812 secs] [Times: user=0.03 sys=0.02, real=0.06 secs]
2021-05-06T23:42:36.930-0800: [GC (Allocation Failure) 2021-05-06T23:42:36.930-0800: [DefNew: 314559K->34943K(314560K), 0.0508228 secs] 533657K->333054K(1013632K), 0.0508603 secs] [Times: user=0.03 sys=0.02, real=0.05 secs]
2021-05-06T23:42:37.017-0800: [GC (Allocation Failure) 2021-05-06T23:42:37.017-0800: [DefNew: 314559K->34943K(314560K), 0.0532903 secs] 612670K->413710K(1013632K), 0.0533284 secs] [Times: user=0.03 sys=0.02, real=0.06 secs]
2021-05-06T23:42:37.106-0800: [GC (Allocation Failure) 2021-05-06T23:42:37.106-0800: [DefNew: 314559K->34943K(314560K), 0.0480919 secs] 693326K->485174K(1013632K), 0.0481319 secs] [Times: user=0.03 sys=0.02, real=0.05 secs]
2021-05-06T23:42:37.192-0800: [GC (Allocation Failure) 2021-05-06T23:42:37.192-0800: [DefNew: 314559K->34943K(314560K), 0.0493863 secs] 764790K->555944K(1013632K), 0.0494249 secs] [Times: user=0.04 sys=0.02, real=0.05 secs]
2021-05-06T23:42:37.278-0800: [GC (Allocation Failure) 2021-05-06T23:42:37.278-0800: [DefNew: 314559K->34938K(314560K), 0.0507936 secs] 835560K->632853K(1013632K), 0.0508319 secs] [Times: user=0.03 sys=0.02, real=0.05 secs]
2021-05-06T23:42:37.361-0800: [GC (Allocation Failure) 2021-05-06T23:42:37.361-0800: [DefNew: 314554K->34944K(314560K), 0.0524070 secs] 912469K->712505K(1013632K), 0.0524446 secs] [Times: user=0.03 sys=0.02, real=0.05 secs]
2021-05-06T23:42:37.447-0800: [GC (Allocation Failure) 2021-05-06T23:42:37.447-0800: [DefNew: 314560K->314560K(314560K), 0.0000165 secs]2021-05-06T23:42:37.447-0800: [Tenured: 677561K->375472K(699072K), 0.0641876 secs] 992121K->375472K(1013632K), [Metaspace: 2710K->2710K(1056768K)], 0.0642544 secs] [Times: user=0.06 sys=0.00, real=0.07 secs]
执行结束!共生成对象次数:10593
Heap
 def new generation   total 314560K, used 11414K [0x0000000780000000, 0x0000000795550000, 0x0000000795550000)
  eden space 279616K,   4% used [0x0000000780000000, 0x0000000780b25a18, 0x0000000791110000)
  from space 34944K,   0% used [0x0000000793330000, 0x0000000793330000, 0x0000000795550000)
  to   space 34944K,   0% used [0x0000000791110000, 0x0000000791110000, 0x0000000793330000)
 tenured generation   total 699072K, used 375472K [0x0000000795550000, 0x00000007c0000000, 0x00000007c0000000)
   the space 699072K,  53% used [0x0000000795550000, 0x00000007ac3fc238, 0x00000007ac3fc400, 0x00000007c0000000)
 Metaspace       used 2717K, capacity 4486K, committed 4864K, reserved 1056768K
  class space    used 280K, capacity 386K, committed 512K, reserved 1048576K
```

可以看出gc暂停的时间明显变长。

### -XX:+UseConcMarkSweepGC

```less
➜  java git:(master) ✗ java -XX:+PrintGCDetails -XX:+PrintGCDateStamps -XX:+UseConcMarkSweepGC -Xms1g -Xmx1g week02.GCLogAnalysis
正在执行...
2021-05-07T23:21:46.875-0800: [GC (Allocation Failure) 2021-05-07T23:21:46.875-0800: [ParNew: 279616K->34944K(314560K), 0.0296830 secs] 279616K->88806K(1013632K), 0.0297813 secs] [Times: user=0.06 sys=0.12, real=0.03 secs]
2021-05-07T23:21:46.949-0800: [GC (Allocation Failure) 2021-05-07T23:21:46.949-0800: [ParNew: 314560K->34943K(314560K), 0.0324825 secs] 368422K->172594K(1013632K), 0.0325336 secs] [Times: user=0.09 sys=0.13, real=0.04 secs]
2021-05-07T23:21:47.024-0800: [GC (Allocation Failure) 2021-05-07T23:21:47.024-0800: [ParNew: 313976K->34941K(314560K), 0.0508625 secs] 451626K->250665K(1013632K), 0.0509212 secs] [Times: user=0.33 sys=0.03, real=0.05 secs]
2021-05-07T23:21:47.116-0800: [GC (Allocation Failure) 2021-05-07T23:21:47.116-0800: [ParNew: 314557K->34943K(314560K), 0.0517978 secs] 530281K->331550K(1013632K), 0.0518611 secs] [Times: user=0.32 sys=0.04, real=0.05 secs]
2021-05-07T23:21:47.206-0800: [GC (Allocation Failure) 2021-05-07T23:21:47.206-0800: [ParNew: 314559K->34943K(314560K), 0.0484100 secs] 611166K->411581K(1013632K), 0.0484692 secs] [Times: user=0.33 sys=0.02, real=0.05 secs]


## 开始CMS gc
2021-05-07T23:21:47.255-0800: [GC (CMS Initial Mark) [1 CMS-initial-mark: 376638K(699072K)] 417524K(1013632K), 0.0003203 secs] [Times: user=0.00 sys=0.00, real=0.00 secs]
2021-05-07T23:21:47.255-0800: [CMS-concurrent-mark-start]
2021-05-07T23:21:47.258-0800: [CMS-concurrent-mark: 0.003/0.003 secs] [Times: user=0.01 sys=0.00, real=0.00 secs]
2021-05-07T23:21:47.258-0800: [CMS-concurrent-preclean-start]
2021-05-07T23:21:47.259-0800: [CMS-concurrent-preclean: 0.001/0.001 secs] [Times: user=0.00 sys=0.00, real=0.00 secs]
2021-05-07T23:21:47.259-0800: [CMS-concurrent-abortable-preclean-start]

## CMS GC 过程中可能发生多次young gc
2021-05-07T23:21:47.289-0800: [GC (Allocation Failure) 2021-05-07T23:21:47.289-0800: [ParNew: 314559K->34943K(314560K), 0.0445368 secs] 691197K->484239K(1013632K), 0.0445819 secs] [Times: user=0.32 sys=0.03, real=0.05 secs]
2021-05-07T23:21:47.366-0800: [GC (Allocation Failure) 2021-05-07T23:21:47.366-0800: [ParNew: 314559K->34942K(314560K), 0.0482033 secs] 763855K->561551K(1013632K), 0.0482427 secs] [Times: user=0.33 sys=0.03, real=0.05 secs]
2021-05-07T23:21:47.449-0800: [GC (Allocation Failure) 2021-05-07T23:21:47.449-0800: [ParNew: 314558K->34942K(314560K), 0.0525487 secs] 841167K->644142K(1013632K), 0.0525906 secs] [Times: user=0.35 sys=0.03, real=0.06 secs]
2021-05-07T23:21:47.535-0800: [GC (Allocation Failure) 2021-05-07T23:21:47.535-0800: [ParNew: 314558K->34943K(314560K), 0.0495889 secs] 923758K->722762K(1013632K), 0.0496297 secs] [Times: user=0.34 sys=0.03, real=0.05 secs]
2021-05-07T23:21:47.584-0800: [CMS-concurrent-abortable-preclean: 0.008/0.325 secs] [Times: user=1.47 sys=0.12, real=0.33 secs]
2021-05-07T23:21:47.584-0800: [GC (CMS Final Remark) [YG occupancy: 35121 K (314560 K)]2021-05-07T23:21:47.584-0800: [Rescan (parallel) , 0.0006919 secs]2021-05-07T23:21:47.585-0800: [weak refs processing, 0.0000141 secs]2021-05-07T23:21:47.585-0800: [class unloading, 0.0003025 secs]2021-05-07T23:21:47.586-0800: [scrub symbol table, 0.0004126 secs]2021-05-07T23:21:47.586-0800: [scrub string table, 0.0002407 secs][1 CMS-remark: 687818K(699072K)] 722940K(1013632K), 0.0017257 secs] [Times: user=0.01 sys=0.00, real=0.00 secs]
2021-05-07T23:21:47.586-0800: [CMS-concurrent-sweep-start]
2021-05-07T23:21:47.588-0800: [CMS-concurrent-sweep: 0.002/0.002 secs] [Times: user=0.00 sys=0.00, real=0.00 secs]
2021-05-07T23:21:47.588-0800: [CMS-concurrent-reset-start]
2021-05-07T23:21:47.590-0800: [CMS-concurrent-reset: 0.001/0.001 secs] [Times: user=0.00 sys=0.00, real=0.01 secs]




2021-05-07T23:21:47.621-0800: [GC (Allocation Failure) 2021-05-07T23:21:47.621-0800: [ParNew: 314559K->34943K(314560K), 0.0177353 secs] 872526K->670793K(1013632K), 0.0177805 secs] [Times: user=0.12 sys=0.00, real=0.01 secs]
2021-05-07T23:21:47.639-0800: [GC (CMS Initial Mark) [1 CMS-initial-mark: 635849K(699072K)] 670980K(1013632K), 0.0001737 secs] [Times: user=0.00 sys=0.00, real=0.00 secs]
2021-05-07T23:21:47.640-0800: [CMS-concurrent-mark-start]
2021-05-07T23:21:47.642-0800: [CMS-concurrent-mark: 0.003/0.003 secs] [Times: user=0.01 sys=0.00, real=0.00 secs]
2021-05-07T23:21:47.642-0800: [CMS-concurrent-preclean-start]
2021-05-07T23:21:47.643-0800: [CMS-concurrent-preclean: 0.001/0.001 secs] [Times: user=0.00 sys=0.00, real=0.00 secs]
2021-05-07T23:21:47.643-0800: [CMS-concurrent-abortable-preclean-start]
2021-05-07T23:21:47.643-0800: [CMS-concurrent-abortable-preclean: 0.000/0.000 secs] [Times: user=0.00 sys=0.00, real=0.00 secs]
2021-05-07T23:21:47.643-0800: [GC (CMS Final Remark) [YG occupancy: 64072 K (314560 K)]2021-05-07T23:21:47.643-0800: [Rescan (parallel) , 0.0003179 secs]2021-05-07T23:21:47.644-0800: [weak refs processing, 0.0000124 secs]2021-05-07T23:21:47.644-0800: [class unloading, 0.0002920 secs]2021-05-07T23:21:47.644-0800: [scrub symbol table, 0.0003694 secs]2021-05-07T23:21:47.644-0800: [scrub string table, 0.0002314 secs][1 CMS-remark: 635849K(699072K)] 699921K(1013632K), 0.0012762 secs] [Times: user=0.00 sys=0.00, real=0.00 secs]
2021-05-07T23:21:47.645-0800: [CMS-concurrent-sweep-start]
2021-05-07T23:21:47.646-0800: [CMS-concurrent-sweep: 0.001/0.001 secs] [Times: user=0.01 sys=0.00, real=0.00 secs]
2021-05-07T23:21:47.646-0800: [CMS-concurrent-reset-start]
2021-05-07T23:21:47.647-0800: [CMS-concurrent-reset: 0.000/0.000 secs] [Times: user=0.00 sys=0.00, real=0.00 secs]
2021-05-07T23:21:47.674-0800: [GC (Allocation Failure) 2021-05-07T23:21:47.674-0800: [ParNew: 314559K->34943K(314560K), 0.0184951 secs] 623869K->420298K(1013632K), 0.0185410 secs] [Times: user=0.15 sys=0.00, real=0.02 secs]
2021-05-07T23:21:47.692-0800: [GC (CMS Initial Mark) [1 CMS-initial-mark: 385354K(699072K)] 420609K(1013632K), 0.0001942 secs] [Times: user=0.00 sys=0.00, real=0.00 secs]
2021-05-07T23:21:47.693-0800: [CMS-concurrent-mark-start]
2021-05-07T23:21:47.694-0800: [CMS-concurrent-mark: 0.002/0.002 secs] [Times: user=0.00 sys=0.00, real=0.00 secs]
2021-05-07T23:21:47.694-0800: [CMS-concurrent-preclean-start]
2021-05-07T23:21:47.695-0800: [CMS-concurrent-preclean: 0.001/0.001 secs] [Times: user=0.00 sys=0.00, real=0.00 secs]
2021-05-07T23:21:47.695-0800: [CMS-concurrent-abortable-preclean-start]
2021-05-07T23:21:47.725-0800: [GC (Allocation Failure) 2021-05-07T23:21:47.725-0800: [ParNew: 314559K->34943K(314560K), 0.0201552 secs] 699914K->496110K(1013632K), 0.0201977 secs] [Times: user=0.14 sys=0.01, real=0.02 secs]
执行结束!共生成对象次数:12596
Heap
 par new generation   total 314560K, used 46363K [0x0000000780000000, 0x0000000795550000, 0x0000000795550000)
  eden space 279616K,   4% used [0x0000000780000000, 0x0000000780b27278, 0x0000000791110000)
  from space 34944K,  99% used [0x0000000791110000, 0x000000079332fd38, 0x0000000793330000)
  to   space 34944K,   0% used [0x0000000793330000, 0x0000000793330000, 0x0000000795550000)
 concurrent mark-sweep generation total 699072K, used 461167K [0x0000000795550000, 0x00000007c0000000, 0x00000007c0000000)
 Metaspace       used 2717K, capacity 4486K, committed 4864K, reserved 1056768K
  class space    used 280K, capacity 386K, committed 512K, reserved 1048576K
```

### -XX:+UseG1GC

日志内容非常多和复杂

```less
➜  java git:(master) ✗ java -XX:+PrintGCDetails -XX:+PrintGCDateStamps -XX:+UseG1GC -Xms1g -Xmx1g week02.GCLogAnalysis
正在执行...
2021-05-07T23:28:55.974-0800: [GC pause (G1 Evacuation Pause) (young), 0.0050432 secs]
   [Parallel Time: 4.4 ms, GC Workers: 8]
      [GC Worker Start (ms): Min: 113.1, Avg: 113.2, Max: 113.3, Diff: 0.2]
      [Ext Root Scanning (ms): Min: 0.0, Avg: 0.1, Max: 0.2, Diff: 0.2, Sum: 0.9]
      [Update RS (ms): Min: 0.0, Avg: 0.0, Max: 0.0, Diff: 0.0, Sum: 0.0]
         [Processed Buffers: Min: 0, Avg: 0.0, Max: 0, Diff: 0, Sum: 0]
      [Scan RS (ms): Min: 0.0, Avg: 0.0, Max: 0.0, Diff: 0.0, Sum: 0.0]
      [Code Root Scanning (ms): Min: 0.0, Avg: 0.0, Max: 0.0, Diff: 0.0, Sum: 0.0]
      [Object Copy (ms): Min: 3.4, Avg: 3.8, Max: 4.1, Diff: 0.7, Sum: 30.0]
      [Termination (ms): Min: 0.0, Avg: 0.4, Max: 0.7, Diff: 0.7, Sum: 3.1]
         [Termination Attempts: Min: 1, Avg: 1.0, Max: 1, Diff: 0, Sum: 8]
      [GC Worker Other (ms): Min: 0.0, Avg: 0.0, Max: 0.0, Diff: 0.0, Sum: 0.1]
      [GC Worker Total (ms): Min: 4.2, Avg: 4.3, Max: 4.3, Diff: 0.1, Sum: 34.2]
      [GC Worker End (ms): Min: 117.4, Avg: 117.5, Max: 117.5, Diff: 0.1]
   [Code Root Fixup: 0.0 ms]
   [Code Root Purge: 0.0 ms]
   [Clear CT: 0.1 ms]
   [Other: 0.5 ms]
      [Choose CSet: 0.0 ms]
      [Ref Proc: 0.2 ms]
      [Ref Enq: 0.0 ms]
      [Redirty Cards: 0.1 ms]
      [Humongous Register: 0.0 ms]
      [Humongous Reclaim: 0.0 ms]
      [Free CSet: 0.0 ms]
   [Eden: 52224.0K(52224.0K)->0.0B(45056.0K) Survivors: 0.0B->7168.0K Heap: 67334.3K(1024.0M)->26836.6K(1024.0M)]
 [Times: user=0.02 sys=0.02, real=0.00 secs]
2021-05-07T23:28:55.993-0800: [GC pause (G1 Evacuation Pause) (young), 0.0070461 secs]
   [Parallel Time: 6.2 ms, GC Workers: 8]
      [GC Worker Start (ms): Min: 132.4, Avg: 132.5, Max: 132.6, Diff: 0.2]
      [Ext Root Scanning (ms): Min: 0.0, Avg: 0.1, Max: 0.5, Diff: 0.5, Sum: 1.0]
      [Update RS (ms): Min: 0.0, Avg: 0.1, Max: 0.2, Diff: 0.2, Sum: 1.0]
         [Processed Buffers: Min: 0, Avg: 2.6, Max: 6, Diff: 6, Sum: 21]
      [Scan RS (ms): Min: 0.0, Avg: 0.0, Max: 0.0, Diff: 0.0, Sum: 0.0]
      [Code Root Scanning (ms): Min: 0.0, Avg: 0.0, Max: 0.0, Diff: 0.0, Sum: 0.0]
      [Object Copy (ms): Min: 5.0, Avg: 5.3, Max: 5.6, Diff: 0.6, Sum: 42.1]
      [Termination (ms): Min: 0.0, Avg: 0.5, Max: 0.7, Diff: 0.7, Sum: 3.7]
         [Termination Attempts: Min: 1, Avg: 1.0, Max: 1, Diff: 0, Sum: 8]
      [GC Worker Other (ms): Min: 0.0, Avg: 0.0, Max: 0.0, Diff: 0.0, Sum: 0.1]
      [GC Worker Total (ms): Min: 5.9, Avg: 6.0, Max: 6.1, Diff: 0.2, Sum: 48.0]
      [GC Worker End (ms): Min: 138.4, Avg: 138.5, Max: 138.6, Diff: 0.2]
   [Code Root Fixup: 0.0 ms]
   [Code Root Purge: 0.0 ms]
   [Clear CT: 0.2 ms]
   [Other: 0.6 ms]
      [Choose CSet: 0.0 ms]
      [Ref Proc: 0.2 ms]
      [Ref Enq: 0.0 ms]
      [Redirty Cards: 0.2 ms]
      [Humongous Register: 0.0 ms]
      [Humongous Reclaim: 0.0 ms]
      [Free CSet: 0.1 ms]
   [Eden: 45056.0K(45056.0K)->0.0B(45056.0K) Survivors: 7168.0K->7168.0K Heap: 83725.9K(1024.0M)->48576.3K(1024.0M)]
 [Times: user=0.02 sys=0.02, real=0.01 secs]
2021-05-07T23:28:56.012-0800: [GC pause (G1 Evacuation Pause) (young), 0.0046990 secs]
   [Parallel Time: 4.2 ms, GC Workers: 8]
      [GC Worker Start (ms): Min: 151.5, Avg: 151.5, Max: 151.6, Diff: 0.1]
      [Ext Root Scanning (ms): Min: 0.0, Avg: 0.1, Max: 0.1, Diff: 0.1, Sum: 0.6]
      [Update RS (ms): Min: 0.5, Avg: 0.5, Max: 0.5, Diff: 0.0, Sum: 3.8]
         [Processed Buffers: Min: 4, Avg: 7.0, Max: 8, Diff: 4, Sum: 56]
      [Scan RS (ms): Min: 0.0, Avg: 0.0, Max: 0.0, Diff: 0.0, Sum: 0.0]
      [Code Root Scanning (ms): Min: 0.0, Avg: 0.0, Max: 0.0, Diff: 0.0, Sum: 0.0]
      [Object Copy (ms): Min: 3.1, Avg: 3.2, Max: 3.3, Diff: 0.2, Sum: 25.8]
      [Termination (ms): Min: 0.0, Avg: 0.1, Max: 0.4, Diff: 0.4, Sum: 1.1]
         [Termination Attempts: Min: 1, Avg: 1.0, Max: 1, Diff: 0, Sum: 8]
      [GC Worker Other (ms): Min: 0.0, Avg: 0.0, Max: 0.0, Diff: 0.0, Sum: 0.1]
      [GC Worker Total (ms): Min: 3.9, Avg: 3.9, Max: 4.1, Diff: 0.3, Sum: 31.5]
      [GC Worker End (ms): Min: 155.4, Avg: 155.5, Max: 155.6, Diff: 0.2]
   [Code Root Fixup: 0.0 ms]
   [Code Root Purge: 0.0 ms]
   [Clear CT: 0.1 ms]
   [Other: 0.4 ms]
      [Choose CSet: 0.0 ms]
      [Ref Proc: 0.1 ms]
      [Ref Enq: 0.0 ms]
      [Redirty Cards: 0.1 ms]
      [Humongous Register: 0.0 ms]
      [Humongous Reclaim: 0.0 ms]
      [Free CSet: 0.0 ms]
   [Eden: 45056.0K(45056.0K)->0.0B(63488.0K) Survivors: 7168.0K->7168.0K Heap: 100.5M(1024.0M)->64761.3K(1024.0M)]
 [Times: user=0.01 sys=0.01, real=0.00 secs]
2021-05-07T23:28:56.040-0800: [GC pause (G1 Evacuation Pause) (young), 0.0066357 secs]
   [Parallel Time: 6.1 ms, GC Workers: 8]
      [GC Worker Start (ms): Min: 178.9, Avg: 179.0, Max: 179.0, Diff: 0.1]
      [Ext Root Scanning (ms): Min: 0.1, Avg: 0.1, Max: 0.1, Diff: 0.1, Sum: 0.7]
      [Update RS (ms): Min: 0.4, Avg: 0.5, Max: 0.5, Diff: 0.1, Sum: 3.8]
         [Processed Buffers: Min: 6, Avg: 7.8, Max: 9, Diff: 3, Sum: 62]
      [Scan RS (ms): Min: 0.0, Avg: 0.0, Max: 0.0, Diff: 0.0, Sum: 0.0]
      [Code Root Scanning (ms): Min: 0.0, Avg: 0.0, Max: 0.0, Diff: 0.0, Sum: 0.0]
      [Object Copy (ms): Min: 4.8, Avg: 5.0, Max: 5.2, Diff: 0.4, Sum: 40.1]
      [Termination (ms): Min: 0.0, Avg: 0.3, Max: 0.4, Diff: 0.4, Sum: 2.2]
         [Termination Attempts: Min: 1, Avg: 1.0, Max: 1, Diff: 0, Sum: 8]
      [GC Worker Other (ms): Min: 0.0, Avg: 0.0, Max: 0.0, Diff: 0.0, Sum: 0.1]
      [GC Worker Total (ms): Min: 5.8, Avg: 5.9, Max: 6.0, Diff: 0.2, Sum: 46.8]
      [GC Worker End (ms): Min: 184.8, Avg: 184.8, Max: 184.9, Diff: 0.2]
   [Code Root Fixup: 0.0 ms]
   [Code Root Purge: 0.0 ms]
   [Clear CT: 0.1 ms]
   [Other: 0.4 ms]
      [Choose CSet: 0.0 ms]
      [Ref Proc: 0.1 ms]
      [Ref Enq: 0.0 ms]
      [Redirty Cards: 0.1 ms]
      [Humongous Register: 0.0 ms]
      [Humongous Reclaim: 0.0 ms]
      [Free CSet: 0.0 ms]
   [Eden: 63488.0K(63488.0K)->0.0B(120.0M) Survivors: 7168.0K->9216.0K Heap: 137.9M(1024.0M)->91620.6K(1024.0M)]
 [Times: user=0.02 sys=0.02, real=0.00 secs]
2021-05-07T23:28:56.104-0800: [GC pause (G1 Evacuation Pause) (young), 0.0129386 secs]
   [Parallel Time: 12.0 ms, GC Workers: 8]
      [GC Worker Start (ms): Min: 243.2, Avg: 243.2, Max: 243.4, Diff: 0.2]
      [Ext Root Scanning (ms): Min: 0.0, Avg: 0.1, Max: 0.2, Diff: 0.2, Sum: 1.1]
      [Update RS (ms): Min: 0.1, Avg: 0.1, Max: 0.2, Diff: 0.1, Sum: 1.0]
         [Processed Buffers: Min: 1, Avg: 1.8, Max: 3, Diff: 2, Sum: 14]
      [Scan RS (ms): Min: 0.0, Avg: 0.0, Max: 0.0, Diff: 0.0, Sum: 0.2]
      [Code Root Scanning (ms): Min: 0.0, Avg: 0.0, Max: 0.0, Diff: 0.0, Sum: 0.0]
      [Object Copy (ms): Min: 11.1, Avg: 11.2, Max: 11.5, Diff: 0.4, Sum: 89.9]
      [Termination (ms): Min: 0.0, Avg: 0.3, Max: 0.4, Diff: 0.4, Sum: 2.2]
         [Termination Attempts: Min: 1, Avg: 1.0, Max: 1, Diff: 0, Sum: 8]
      [GC Worker Other (ms): Min: 0.0, Avg: 0.0, Max: 0.0, Diff: 0.0, Sum: 0.1]
      [GC Worker Total (ms): Min: 11.7, Avg: 11.8, Max: 11.9, Diff: 0.2, Sum: 94.5]
      [GC Worker End (ms): Min: 255.0, Avg: 255.0, Max: 255.1, Diff: 0.1]
   [Code Root Fixup: 0.0 ms]
   [Code Root Purge: 0.0 ms]
   [Clear CT: 0.1 ms]
   [Other: 0.9 ms]
      [Choose CSet: 0.0 ms]
      [Ref Proc: 0.1 ms]
      [Ref Enq: 0.0 ms]
      [Redirty Cards: 0.1 ms]
      [Humongous Register: 0.1 ms]
      [Humongous Reclaim: 0.3 ms]
      [Free CSet: 0.1 ms]
   [Eden: 119.0M(119.0M)->0.0B(101376.0K) Survivors: 9216.0K->16384.0K Heap: 237.2M(1024.0M)->132.9M(1024.0M)]
 [Times: user=0.03 sys=0.06, real=0.01 secs]
2021-05-07T23:28:56.143-0800: [GC pause (G1 Evacuation Pause) (young), 0.0115370 secs]
   [Parallel Time: 11.0 ms, GC Workers: 8]
      [GC Worker Start (ms): Min: 282.0, Avg: 282.0, Max: 282.0, Diff: 0.1]
      [Ext Root Scanning (ms): Min: 0.1, Avg: 0.1, Max: 0.1, Diff: 0.1, Sum: 0.7]
      [Update RS (ms): Min: 0.1, Avg: 0.1, Max: 0.2, Diff: 0.1, Sum: 1.0]
         [Processed Buffers: Min: 0, Avg: 1.9, Max: 4, Diff: 4, Sum: 15]
      [Scan RS (ms): Min: 0.0, Avg: 0.0, Max: 0.0, Diff: 0.0, Sum: 0.1]
      [Code Root Scanning (ms): Min: 0.0, Avg: 0.0, Max: 0.0, Diff: 0.0, Sum: 0.0]
      [Object Copy (ms): Min: 10.2, Avg: 10.4, Max: 10.6, Diff: 0.4, Sum: 83.1]
      [Termination (ms): Min: 0.0, Avg: 0.3, Max: 0.5, Diff: 0.5, Sum: 2.4]
         [Termination Attempts: Min: 1, Avg: 1.2, Max: 2, Diff: 1, Sum: 10]
      [GC Worker Other (ms): Min: 0.0, Avg: 0.0, Max: 0.0, Diff: 0.0, Sum: 0.1]
      [GC Worker Total (ms): Min: 10.8, Avg: 10.9, Max: 11.0, Diff: 0.2, Sum: 87.4]
      [GC Worker End (ms): Min: 292.9, Avg: 292.9, Max: 293.0, Diff: 0.1]
   [Code Root Fixup: 0.0 ms]
   [Code Root Purge: 0.0 ms]
   [Clear CT: 0.1 ms]
   [Other: 0.4 ms]
      [Choose CSet: 0.0 ms]
      [Ref Proc: 0.1 ms]
      [Ref Enq: 0.0 ms]
      [Redirty Cards: 0.1 ms]
      [Humongous Register: 0.1 ms]
      [Humongous Reclaim: 0.1 ms]
      [Free CSet: 0.0 ms]
   [Eden: 101376.0K(101376.0K)->0.0B(132.0M) Survivors: 16384.0K->15360.0K Heap: 258.0M(1024.0M)->172.5M(1024.0M)]
 [Times: user=0.02 sys=0.05, real=0.01 secs]
2021-05-07T23:28:56.193-0800: [GC pause (G1 Evacuation Pause) (young), 0.0161147 secs]
   [Parallel Time: 15.4 ms, GC Workers: 8]
      [GC Worker Start (ms): Min: 332.5, Avg: 332.5, Max: 332.5, Diff: 0.1]
      [Ext Root Scanning (ms): Min: 0.0, Avg: 0.1, Max: 0.1, Diff: 0.1, Sum: 0.6]
      [Update RS (ms): Min: 0.1, Avg: 0.2, Max: 0.2, Diff: 0.1, Sum: 1.4]
         [Processed Buffers: Min: 0, Avg: 2.5, Max: 3, Diff: 3, Sum: 20]
      [Scan RS (ms): Min: 0.0, Avg: 0.0, Max: 0.0, Diff: 0.0, Sum: 0.1]
      [Code Root Scanning (ms): Min: 0.0, Avg: 0.0, Max: 0.0, Diff: 0.0, Sum: 0.0]
      [Object Copy (ms): Min: 14.4, Avg: 14.6, Max: 14.8, Diff: 0.4, Sum: 116.6]
      [Termination (ms): Min: 0.0, Avg: 0.3, Max: 0.5, Diff: 0.5, Sum: 2.7]
         [Termination Attempts: Min: 1, Avg: 1.2, Max: 3, Diff: 2, Sum: 10]
      [GC Worker Other (ms): Min: 0.0, Avg: 0.0, Max: 0.0, Diff: 0.0, Sum: 0.1]
      [GC Worker Total (ms): Min: 15.1, Avg: 15.2, Max: 15.3, Diff: 0.2, Sum: 121.5]
      [GC Worker End (ms): Min: 347.6, Avg: 347.7, Max: 347.8, Diff: 0.2]
   [Code Root Fixup: 0.0 ms]
   [Code Root Purge: 0.0 ms]
   [Clear CT: 0.1 ms]
   [Other: 0.7 ms]
      [Choose CSet: 0.0 ms]
      [Ref Proc: 0.2 ms]
      [Ref Enq: 0.0 ms]
      [Redirty Cards: 0.1 ms]
      [Humongous Register: 0.1 ms]
      [Humongous Reclaim: 0.1 ms]
      [Free CSet: 0.0 ms]
   [Eden: 132.0M(132.0M)->0.0B(145.0M) Survivors: 15360.0K->19456.0K Heap: 347.8M(1024.0M)->220.0M(1024.0M)]
 [Times: user=0.03 sys=0.07, real=0.02 secs]
2021-05-07T23:28:56.246-0800: [GC pause (G1 Evacuation Pause) (young), 0.0165595 secs]
   [Parallel Time: 15.9 ms, GC Workers: 8]
      [GC Worker Start (ms): Min: 384.8, Avg: 384.9, Max: 384.9, Diff: 0.1]
      [Ext Root Scanning (ms): Min: 0.0, Avg: 0.1, Max: 0.1, Diff: 0.1, Sum: 0.6]
      [Update RS (ms): Min: 0.1, Avg: 0.2, Max: 0.3, Diff: 0.2, Sum: 1.4]
         [Processed Buffers: Min: 0, Avg: 2.2, Max: 3, Diff: 3, Sum: 18]
      [Scan RS (ms): Min: 0.0, Avg: 0.0, Max: 0.0, Diff: 0.0, Sum: 0.1]
      [Code Root Scanning (ms): Min: 0.0, Avg: 0.0, Max: 0.0, Diff: 0.0, Sum: 0.0]
      [Object Copy (ms): Min: 15.0, Avg: 15.2, Max: 15.4, Diff: 0.4, Sum: 121.4]
      [Termination (ms): Min: 0.0, Avg: 0.3, Max: 0.4, Diff: 0.4, Sum: 2.0]
         [Termination Attempts: Min: 1, Avg: 1.2, Max: 3, Diff: 2, Sum: 10]
      [GC Worker Other (ms): Min: 0.0, Avg: 0.0, Max: 0.0, Diff: 0.0, Sum: 0.1]
      [GC Worker Total (ms): Min: 15.6, Avg: 15.7, Max: 15.8, Diff: 0.2, Sum: 125.6]
      [GC Worker End (ms): Min: 400.5, Avg: 400.6, Max: 400.7, Diff: 0.2]
   [Code Root Fixup: 0.0 ms]
   [Code Root Purge: 0.0 ms]
   [Clear CT: 0.1 ms]
   [Other: 0.5 ms]
      [Choose CSet: 0.0 ms]
      [Ref Proc: 0.1 ms]
      [Ref Enq: 0.0 ms]
      [Redirty Cards: 0.1 ms]
      [Humongous Register: 0.1 ms]
      [Humongous Reclaim: 0.1 ms]
      [Free CSet: 0.0 ms]
   [Eden: 145.0M(145.0M)->0.0B(216.0M) Survivors: 19456.0K->21504.0K Heap: 406.8M(1024.0M)->271.6M(1024.0M)]
 [Times: user=0.03 sys=0.06, real=0.02 secs]
2021-05-07T23:28:56.343-0800: [GC pause (G1 Evacuation Pause) (young), 0.0202092 secs]
   [Parallel Time: 19.5 ms, GC Workers: 8]
      [GC Worker Start (ms): Min: 482.1, Avg: 482.1, Max: 482.1, Diff: 0.1]
      [Ext Root Scanning (ms): Min: 0.0, Avg: 0.1, Max: 0.1, Diff: 0.1, Sum: 0.6]
      [Update RS (ms): Min: 0.0, Avg: 0.2, Max: 0.3, Diff: 0.3, Sum: 1.3]
         [Processed Buffers: Min: 0, Avg: 2.1, Max: 3, Diff: 3, Sum: 17]
      [Scan RS (ms): Min: 0.0, Avg: 0.0, Max: 0.0, Diff: 0.0, Sum: 0.1]
      [Code Root Scanning (ms): Min: 0.0, Avg: 0.0, Max: 0.0, Diff: 0.0, Sum: 0.0]
      [Object Copy (ms): Min: 18.4, Avg: 18.6, Max: 19.0, Diff: 0.5, Sum: 148.9]
      [Termination (ms): Min: 0.0, Avg: 0.4, Max: 0.6, Diff: 0.6, Sum: 3.3]
         [Termination Attempts: Min: 1, Avg: 1.8, Max: 3, Diff: 2, Sum: 14]
      [GC Worker Other (ms): Min: 0.0, Avg: 0.0, Max: 0.0, Diff: 0.0, Sum: 0.1]
      [GC Worker Total (ms): Min: 19.2, Avg: 19.3, Max: 19.4, Diff: 0.1, Sum: 154.5]
      [GC Worker End (ms): Min: 501.3, Avg: 501.4, Max: 501.5, Diff: 0.1]
   [Code Root Fixup: 0.0 ms]
   [Code Root Purge: 0.0 ms]
   [Clear CT: 0.1 ms]
   [Other: 0.6 ms]
      [Choose CSet: 0.0 ms]
      [Ref Proc: 0.1 ms]
      [Ref Enq: 0.0 ms]
      [Redirty Cards: 0.1 ms]
      [Humongous Register: 0.1 ms]
      [Humongous Reclaim: 0.1 ms]
      [Free CSet: 0.1 ms]
   [Eden: 216.0M(216.0M)->0.0B(226.0M) Survivors: 21504.0K->30720.0K Heap: 557.7M(1024.0M)->349.4M(1024.0M)]
 [Times: user=0.04 sys=0.08, real=0.02 secs]
2021-05-07T23:28:56.408-0800: [GC pause (G1 Evacuation Pause) (young), 0.0192424 secs]
   [Parallel Time: 17.9 ms, GC Workers: 8]
      [GC Worker Start (ms): Min: 547.6, Avg: 547.7, Max: 547.7, Diff: 0.1]
      [Ext Root Scanning (ms): Min: 0.0, Avg: 0.1, Max: 0.1, Diff: 0.1, Sum: 0.6]
      [Update RS (ms): Min: 0.2, Avg: 0.2, Max: 0.4, Diff: 0.2, Sum: 1.8]
         [Processed Buffers: Min: 0, Avg: 2.9, Max: 5, Diff: 5, Sum: 23]
      [Scan RS (ms): Min: 0.0, Avg: 0.0, Max: 0.0, Diff: 0.0, Sum: 0.2]
      [Code Root Scanning (ms): Min: 0.0, Avg: 0.0, Max: 0.0, Diff: 0.0, Sum: 0.0]
      [Object Copy (ms): Min: 16.4, Avg: 16.7, Max: 17.3, Diff: 0.9, Sum: 133.8]
      [Termination (ms): Min: 0.0, Avg: 0.6, Max: 0.8, Diff: 0.8, Sum: 5.1]
         [Termination Attempts: Min: 1, Avg: 1.0, Max: 1, Diff: 0, Sum: 8]
      [GC Worker Other (ms): Min: 0.0, Avg: 0.0, Max: 0.0, Diff: 0.0, Sum: 0.1]
      [GC Worker Total (ms): Min: 17.6, Avg: 17.7, Max: 17.8, Diff: 0.2, Sum: 141.7]
      [GC Worker End (ms): Min: 565.3, Avg: 565.4, Max: 565.5, Diff: 0.2]
   [Code Root Fixup: 0.0 ms]
   [Code Root Purge: 0.0 ms]
   [Clear CT: 0.1 ms]
   [Other: 1.2 ms]
      [Choose CSet: 0.0 ms]
      [Ref Proc: 0.8 ms]
      [Ref Enq: 0.0 ms]
      [Redirty Cards: 0.1 ms]
      [Humongous Register: 0.1 ms]
      [Humongous Reclaim: 0.1 ms]
      [Free CSet: 0.1 ms]
   [Eden: 226.0M(226.0M)->0.0B(373.0M) Survivors: 30720.0K->32768.0K Heap: 630.6M(1024.0M)->411.0M(1024.0M)]
 [Times: user=0.04 sys=0.08, real=0.02 secs]
2021-05-07T23:28:56.440-0800: [GC pause (G1 Humongous Allocation) (young) (initial-mark), 0.0065175 secs]
   [Parallel Time: 5.9 ms, GC Workers: 8]
      [GC Worker Start (ms): Min: 579.6, Avg: 579.7, Max: 579.7, Diff: 0.1]
      [Ext Root Scanning (ms): Min: 0.0, Avg: 0.1, Max: 0.1, Diff: 0.1, Sum: 0.6]
      [Update RS (ms): Min: 0.2, Avg: 0.3, Max: 0.3, Diff: 0.1, Sum: 2.1]
         [Processed Buffers: Min: 1, Avg: 3.8, Max: 5, Diff: 4, Sum: 30]
      [Scan RS (ms): Min: 0.0, Avg: 0.0, Max: 0.0, Diff: 0.0, Sum: 0.1]
      [Code Root Scanning (ms): Min: 0.0, Avg: 0.0, Max: 0.0, Diff: 0.0, Sum: 0.0]
      [Object Copy (ms): Min: 4.5, Avg: 4.7, Max: 5.3, Diff: 0.7, Sum: 37.9]
      [Termination (ms): Min: 0.0, Avg: 0.6, Max: 0.9, Diff: 0.9, Sum: 4.5]
         [Termination Attempts: Min: 1, Avg: 1.2, Max: 3, Diff: 2, Sum: 10]
      [GC Worker Other (ms): Min: 0.0, Avg: 0.0, Max: 0.0, Diff: 0.0, Sum: 0.1]
      [GC Worker Total (ms): Min: 5.6, Avg: 5.7, Max: 5.7, Diff: 0.2, Sum: 45.2]
      [GC Worker End (ms): Min: 585.3, Avg: 585.3, Max: 585.5, Diff: 0.2]
   [Code Root Fixup: 0.0 ms]
   [Code Root Purge: 0.0 ms]
   [Clear CT: 0.1 ms]
   [Other: 0.6 ms]
      [Choose CSet: 0.0 ms]
      [Ref Proc: 0.1 ms]
      [Ref Enq: 0.0 ms]
      [Redirty Cards: 0.1 ms]
      [Humongous Register: 0.1 ms]
      [Humongous Reclaim: 0.1 ms]
      [Free CSet: 0.0 ms]
   [Eden: 67584.0K(373.0M)->0.0B(368.0M) Survivors: 32768.0K->21504.0K Heap: 496.8M(1024.0M)->433.3M(1024.0M)]
 [Times: user=0.03 sys=0.00, real=0.00 secs]
2021-05-07T23:28:56.447-0800: [GC concurrent-root-region-scan-start]
2021-05-07T23:28:56.447-0800: [GC concurrent-root-region-scan-end, 0.0002090 secs]
2021-05-07T23:28:56.447-0800: [GC concurrent-mark-start]
2021-05-07T23:28:56.451-0800: [GC concurrent-mark-end, 0.0039662 secs]
2021-05-07T23:28:56.451-0800: [GC remark 2021-05-07T23:28:56.451-0800: [Finalize Marking, 0.0001274 secs] 2021-05-07T23:28:56.452-0800: [GC ref-proc, 0.0000721 secs] 2021-05-07T23:28:56.452-0800: [Unloading, 0.0004063 secs], 0.0012976 secs]
 [Times: user=0.01 sys=0.00, real=0.00 secs]
2021-05-07T23:28:56.453-0800: [GC cleanup 457M->445M(1024M), 0.0007953 secs]
 [Times: user=0.00 sys=0.00, real=0.00 secs]
2021-05-07T23:28:56.454-0800: [GC concurrent-cleanup-start]
2021-05-07T23:28:56.454-0800: [GC concurrent-cleanup-end, 0.0000201 secs]
2021-05-07T23:28:56.577-0800: [GC pause (G1 Evacuation Pause) (young) (to-space exhausted), 0.0087998 secs]
   [Parallel Time: 6.7 ms, GC Workers: 8]
      [GC Worker Start (ms): Min: 715.9, Avg: 716.0, Max: 716.5, Diff: 0.6]
      [Ext Root Scanning (ms): Min: 0.0, Avg: 0.1, Max: 0.1, Diff: 0.1, Sum: 0.6]
      [Update RS (ms): Min: 0.0, Avg: 0.3, Max: 0.4, Diff: 0.4, Sum: 2.2]
         [Processed Buffers: Min: 0, Avg: 3.9, Max: 6, Diff: 6, Sum: 31]
      [Scan RS (ms): Min: 0.0, Avg: 0.0, Max: 0.1, Diff: 0.1, Sum: 0.2]
      [Code Root Scanning (ms): Min: 0.0, Avg: 0.0, Max: 0.0, Diff: 0.0, Sum: 0.0]
      [Object Copy (ms): Min: 6.0, Avg: 6.1, Max: 6.1, Diff: 0.2, Sum: 48.5]
      [Termination (ms): Min: 0.0, Avg: 0.0, Max: 0.1, Diff: 0.1, Sum: 0.4]
         [Termination Attempts: Min: 1, Avg: 1.0, Max: 1, Diff: 0, Sum: 8]
      [GC Worker Other (ms): Min: 0.0, Avg: 0.0, Max: 0.0, Diff: 0.0, Sum: 0.1]
      [GC Worker Total (ms): Min: 6.0, Avg: 6.5, Max: 6.6, Diff: 0.6, Sum: 52.1]
      [GC Worker End (ms): Min: 722.5, Avg: 722.5, Max: 722.5, Diff: 0.0]
   [Code Root Fixup: 0.0 ms]
   [Code Root Purge: 0.0 ms]
   [Clear CT: 0.2 ms]
   [Other: 1.9 ms]
      [Evacuation Failure: 1.3 ms]
      [Choose CSet: 0.0 ms]
      [Ref Proc: 0.1 ms]
      [Ref Enq: 0.0 ms]
      [Redirty Cards: 0.1 ms]
      [Humongous Register: 0.1 ms]
      [Humongous Reclaim: 0.1 ms]
      [Free CSet: 0.1 ms]
   [Eden: 368.0M(368.0M)->0.0B(19456.0K) Survivors: 21504.0K->32768.0K Heap: 885.8M(1024.0M)->728.8M(1024.0M)]
 [Times: user=0.03 sys=0.03, real=0.01 secs]
2021-05-07T23:28:56.589-0800: [GC pause (G1 Evacuation Pause) (mixed), 0.0062627 secs]
   [Parallel Time: 5.6 ms, GC Workers: 8]
      [GC Worker Start (ms): Min: 727.9, Avg: 728.0, Max: 728.0, Diff: 0.1]
      [Ext Root Scanning (ms): Min: 0.0, Avg: 0.1, Max: 0.1, Diff: 0.1, Sum: 0.6]
      [Update RS (ms): Min: 0.1, Avg: 0.2, Max: 0.2, Diff: 0.1, Sum: 1.3]
         [Processed Buffers: Min: 2, Avg: 3.2, Max: 6, Diff: 4, Sum: 26]
      [Scan RS (ms): Min: 0.0, Avg: 0.0, Max: 0.1, Diff: 0.1, Sum: 0.3]
      [Code Root Scanning (ms): Min: 0.0, Avg: 0.0, Max: 0.0, Diff: 0.0, Sum: 0.0]
      [Object Copy (ms): Min: 5.0, Avg: 5.1, Max: 5.2, Diff: 0.1, Sum: 40.8]
      [Termination (ms): Min: 0.0, Avg: 0.1, Max: 0.2, Diff: 0.2, Sum: 0.9]
         [Termination Attempts: Min: 1, Avg: 1.0, Max: 1, Diff: 0, Sum: 8]
      [GC Worker Other (ms): Min: 0.0, Avg: 0.0, Max: 0.0, Diff: 0.0, Sum: 0.1]
      [GC Worker Total (ms): Min: 5.4, Avg: 5.5, Max: 5.6, Diff: 0.2, Sum: 43.9]
      [GC Worker End (ms): Min: 733.4, Avg: 733.5, Max: 733.5, Diff: 0.1]
   [Code Root Fixup: 0.0 ms]
   [Code Root Purge: 0.0 ms]
   [Clear CT: 0.1 ms]
   [Other: 0.5 ms]
      [Choose CSet: 0.0 ms]
      [Ref Proc: 0.1 ms]
      [Ref Enq: 0.0 ms]
      [Redirty Cards: 0.1 ms]
      [Humongous Register: 0.1 ms]
      [Humongous Reclaim: 0.0 ms]
      [Free CSet: 0.1 ms]
   [Eden: 19456.0K(19456.0K)->0.0B(47104.0K) Survivors: 32768.0K->5120.0K Heap: 749.3M(1024.0M)->646.9M(1024.0M)]
 [Times: user=0.03 sys=0.01, real=0.01 secs]
2021-05-07T23:28:56.604-0800: [GC pause (G1 Evacuation Pause) (mixed), 0.0022050 secs]
   [Parallel Time: 1.6 ms, GC Workers: 8]
      [GC Worker Start (ms): Min: 743.1, Avg: 743.2, Max: 743.2, Diff: 0.1]
      [Ext Root Scanning (ms): Min: 0.1, Avg: 0.1, Max: 0.1, Diff: 0.1, Sum: 0.8]
      [Update RS (ms): Min: 0.2, Avg: 0.3, Max: 0.7, Diff: 0.4, Sum: 2.3]
         [Processed Buffers: Min: 0, Avg: 3.4, Max: 4, Diff: 4, Sum: 27]
      [Scan RS (ms): Min: 0.0, Avg: 0.0, Max: 0.0, Diff: 0.0, Sum: 0.0]
      [Code Root Scanning (ms): Min: 0.0, Avg: 0.0, Max: 0.0, Diff: 0.0, Sum: 0.0]
      [Object Copy (ms): Min: 0.6, Avg: 1.0, Max: 1.2, Diff: 0.5, Sum: 8.3]
      [Termination (ms): Min: 0.0, Avg: 0.1, Max: 0.1, Diff: 0.1, Sum: 0.5]
         [Termination Attempts: Min: 1, Avg: 1.0, Max: 1, Diff: 0, Sum: 8]
      [GC Worker Other (ms): Min: 0.0, Avg: 0.0, Max: 0.0, Diff: 0.0, Sum: 0.1]
      [GC Worker Total (ms): Min: 1.5, Avg: 1.5, Max: 1.5, Diff: 0.1, Sum: 12.0]
      [GC Worker End (ms): Min: 744.6, Avg: 744.7, Max: 744.7, Diff: 0.0]
   [Code Root Fixup: 0.0 ms]
   [Code Root Purge: 0.0 ms]
   [Clear CT: 0.1 ms]
   [Other: 0.5 ms]
      [Choose CSet: 0.0 ms]
      [Ref Proc: 0.1 ms]
      [Ref Enq: 0.0 ms]
      [Redirty Cards: 0.1 ms]
      [Humongous Register: 0.1 ms]
      [Humongous Reclaim: 0.0 ms]
      [Free CSet: 0.0 ms]
   [Eden: 47104.0K(47104.0K)->0.0B(158.0M) Survivors: 5120.0K->7168.0K Heap: 702.3M(1024.0M)->660.6M(1024.0M)]
 [Times: user=0.01 sys=0.00, real=0.00 secs]
2021-05-07T23:28:56.606-0800: [GC pause (G1 Humongous Allocation) (young) (initial-mark), 0.0010290 secs]
   [Parallel Time: 0.5 ms, GC Workers: 8]
      [GC Worker Start (ms): Min: 745.6, Avg: 745.6, Max: 745.7, Diff: 0.1]
      [Ext Root Scanning (ms): Min: 0.0, Avg: 0.1, Max: 0.1, Diff: 0.1, Sum: 0.4]
      [Update RS (ms): Min: 0.0, Avg: 0.1, Max: 0.2, Diff: 0.2, Sum: 0.4]
         [Processed Buffers: Min: 1, Avg: 1.0, Max: 1, Diff: 0, Sum: 8]
      [Scan RS (ms): Min: 0.0, Avg: 0.0, Max: 0.0, Diff: 0.0, Sum: 0.0]
      [Code Root Scanning (ms): Min: 0.0, Avg: 0.0, Max: 0.0, Diff: 0.0, Sum: 0.0]
      [Object Copy (ms): Min: 0.1, Avg: 0.2, Max: 0.3, Diff: 0.1, Sum: 1.7]
      [Termination (ms): Min: 0.0, Avg: 0.0, Max: 0.1, Diff: 0.1, Sum: 0.3]
         [Termination Attempts: Min: 1, Avg: 1.0, Max: 1, Diff: 0, Sum: 8]
      [GC Worker Other (ms): Min: 0.0, Avg: 0.0, Max: 0.0, Diff: 0.0, Sum: 0.1]
      [GC Worker Total (ms): Min: 0.3, Avg: 0.4, Max: 0.5, Diff: 0.1, Sum: 2.9]
      [GC Worker End (ms): Min: 746.0, Avg: 746.0, Max: 746.0, Diff: 0.0]
   [Code Root Fixup: 0.0 ms]
   [Code Root Purge: 0.0 ms]
   [Clear CT: 0.1 ms]
   [Other: 0.4 ms]
      [Choose CSet: 0.0 ms]
      [Ref Proc: 0.2 ms]
      [Ref Enq: 0.0 ms]
      [Redirty Cards: 0.1 ms]
      [Humongous Register: 0.1 ms]
      [Humongous Reclaim: 0.0 ms]
      [Free CSet: 0.0 ms]
   [Eden: 1024.0K(158.0M)->0.0B(165.0M) Survivors: 7168.0K->7168.0K Heap: 660.8M(1024.0M)->660.1M(1024.0M)]
 [Times: user=0.00 sys=0.00, real=0.00 secs]
2021-05-07T23:28:56.608-0800: [GC concurrent-root-region-scan-start]
2021-05-07T23:28:56.608-0800: [GC concurrent-root-region-scan-end, 0.0000845 secs]
2021-05-07T23:28:56.608-0800: [GC concurrent-mark-start]
2021-05-07T23:28:56.609-0800: [GC concurrent-mark-end, 0.0016543 secs]
2021-05-07T23:28:56.609-0800: [GC remark 2021-05-07T23:28:56.609-0800: [Finalize Marking, 0.0007280 secs] 2021-05-07T23:28:56.610-0800: [GC ref-proc, 0.0000410 secs] 2021-05-07T23:28:56.610-0800: [Unloading, 0.0003767 secs], 0.0019134 secs]
 [Times: user=0.01 sys=0.00, real=0.01 secs]
2021-05-07T23:28:56.611-0800: [GC cleanup 674M->662M(1024M), 0.0007070 secs]
 [Times: user=0.00 sys=0.00, real=0.00 secs]
2021-05-07T23:28:56.612-0800: [GC concurrent-cleanup-start]
2021-05-07T23:28:56.612-0800: [GC concurrent-cleanup-end, 0.0000192 secs]
2021-05-07T23:28:56.648-0800: [GC pause (G1 Evacuation Pause) (young), 0.0069565 secs]
   [Parallel Time: 6.2 ms, GC Workers: 8]
      [GC Worker Start (ms): Min: 787.0, Avg: 787.1, Max: 787.1, Diff: 0.1]
      [Ext Root Scanning (ms): Min: 0.0, Avg: 0.1, Max: 0.1, Diff: 0.1, Sum: 0.6]
      [Update RS (ms): Min: 0.3, Avg: 0.3, Max: 0.5, Diff: 0.2, Sum: 2.7]
         [Processed Buffers: Min: 0, Avg: 4.2, Max: 5, Diff: 5, Sum: 34]
      [Scan RS (ms): Min: 0.0, Avg: 0.0, Max: 0.0, Diff: 0.0, Sum: 0.1]
      [Code Root Scanning (ms): Min: 0.0, Avg: 0.0, Max: 0.0, Diff: 0.0, Sum: 0.0]
      [Object Copy (ms): Min: 4.8, Avg: 5.1, Max: 5.6, Diff: 0.8, Sum: 40.7]
      [Termination (ms): Min: 0.0, Avg: 0.5, Max: 0.9, Diff: 0.9, Sum: 4.3]
         [Termination Attempts: Min: 1, Avg: 1.0, Max: 1, Diff: 0, Sum: 8]
      [GC Worker Other (ms): Min: 0.0, Avg: 0.0, Max: 0.0, Diff: 0.0, Sum: 0.1]
      [GC Worker Total (ms): Min: 6.0, Avg: 6.1, Max: 6.1, Diff: 0.1, Sum: 48.5]
      [GC Worker End (ms): Min: 793.1, Avg: 793.1, Max: 793.2, Diff: 0.1]
   [Code Root Fixup: 0.0 ms]
   [Code Root Purge: 0.0 ms]
   [Clear CT: 0.1 ms]
   [Other: 0.6 ms]
      [Choose CSet: 0.0 ms]
      [Ref Proc: 0.2 ms]
      [Ref Enq: 0.0 ms]
      [Redirty Cards: 0.2 ms]
      [Humongous Register: 0.1 ms]
      [Humongous Reclaim: 0.1 ms]
      [Free CSet: 0.1 ms]
   [Eden: 165.0M(165.0M)->0.0B(29696.0K) Survivors: 7168.0K->22528.0K Heap: 863.3M(1024.0M)->699.5M(1024.0M)]
 [Times: user=0.04 sys=0.01, real=0.01 secs]
2021-05-07T23:28:56.660-0800: [GC pause (G1 Evacuation Pause) (mixed), 0.0045489 secs]
   [Parallel Time: 3.9 ms, GC Workers: 8]
      [GC Worker Start (ms): Min: 799.7, Avg: 799.8, Max: 799.8, Diff: 0.1]
      [Ext Root Scanning (ms): Min: 0.1, Avg: 0.1, Max: 0.2, Diff: 0.1, Sum: 0.7]
      [Update RS (ms): Min: 0.2, Avg: 0.3, Max: 0.3, Diff: 0.1, Sum: 2.2]
         [Processed Buffers: Min: 0, Avg: 3.6, Max: 5, Diff: 5, Sum: 29]
      [Scan RS (ms): Min: 0.0, Avg: 0.0, Max: 0.1, Diff: 0.0, Sum: 0.2]
      [Code Root Scanning (ms): Min: 0.0, Avg: 0.0, Max: 0.0, Diff: 0.0, Sum: 0.0]
      [Object Copy (ms): Min: 2.7, Avg: 2.8, Max: 3.3, Diff: 0.6, Sum: 22.1]
      [Termination (ms): Min: 0.0, Avg: 0.5, Max: 0.6, Diff: 0.6, Sum: 4.2]
         [Termination Attempts: Min: 1, Avg: 1.0, Max: 1, Diff: 0, Sum: 8]
      [GC Worker Other (ms): Min: 0.0, Avg: 0.0, Max: 0.0, Diff: 0.0, Sum: 0.1]
      [GC Worker Total (ms): Min: 3.6, Avg: 3.7, Max: 3.7, Diff: 0.1, Sum: 29.5]
      [GC Worker End (ms): Min: 803.4, Avg: 803.5, Max: 803.6, Diff: 0.1]
   [Code Root Fixup: 0.0 ms]
   [Code Root Purge: 0.0 ms]
   [Clear CT: 0.1 ms]
   [Other: 0.6 ms]
      [Choose CSet: 0.0 ms]
      [Ref Proc: 0.1 ms]
      [Ref Enq: 0.0 ms]
      [Redirty Cards: 0.1 ms]
      [Humongous Register: 0.1 ms]
      [Humongous Reclaim: 0.0 ms]
      [Free CSet: 0.1 ms]
   [Eden: 29696.0K(29696.0K)->0.0B(45056.0K) Survivors: 22528.0K->7168.0K Heap: 741.1M(1024.0M)->610.1M(1024.0M)]
 [Times: user=0.02 sys=0.00, real=0.00 secs]
2021-05-07T23:28:56.674-0800: [GC pause (G1 Evacuation Pause) (mixed), 0.0053829 secs]
   [Parallel Time: 4.4 ms, GC Workers: 8]
      [GC Worker Start (ms): Min: 813.4, Avg: 813.4, Max: 813.5, Diff: 0.1]
      [Ext Root Scanning (ms): Min: 0.0, Avg: 0.1, Max: 0.1, Diff: 0.1, Sum: 0.7]
      [Update RS (ms): Min: 0.3, Avg: 0.3, Max: 0.4, Diff: 0.1, Sum: 2.6]
         [Processed Buffers: Min: 0, Avg: 3.5, Max: 5, Diff: 5, Sum: 28]
      [Scan RS (ms): Min: 0.0, Avg: 0.0, Max: 0.1, Diff: 0.1, Sum: 0.4]
      [Code Root Scanning (ms): Min: 0.0, Avg: 0.0, Max: 0.0, Diff: 0.0, Sum: 0.0]
      [Object Copy (ms): Min: 3.4, Avg: 3.6, Max: 3.7, Diff: 0.3, Sum: 28.7]
      [Termination (ms): Min: 0.0, Avg: 0.2, Max: 0.4, Diff: 0.4, Sum: 1.5]
         [Termination Attempts: Min: 1, Avg: 1.0, Max: 1, Diff: 0, Sum: 8]
      [GC Worker Other (ms): Min: 0.0, Avg: 0.0, Max: 0.0, Diff: 0.0, Sum: 0.1]
      [GC Worker Total (ms): Min: 4.2, Avg: 4.2, Max: 4.3, Diff: 0.2, Sum: 34.0]
      [GC Worker End (ms): Min: 817.6, Avg: 817.7, Max: 817.8, Diff: 0.2]
   [Code Root Fixup: 0.0 ms]
   [Code Root Purge: 0.0 ms]
   [Clear CT: 0.2 ms]
   [Other: 0.8 ms]
      [Choose CSet: 0.0 ms]
      [Ref Proc: 0.3 ms]
      [Ref Enq: 0.0 ms]
      [Redirty Cards: 0.1 ms]
      [Humongous Register: 0.1 ms]
      [Humongous Reclaim: 0.0 ms]
      [Free CSet: 0.1 ms]
   [Eden: 45056.0K(45056.0K)->0.0B(45056.0K) Survivors: 7168.0K->7168.0K Heap: 664.9M(1024.0M)->539.8M(1024.0M)]
 [Times: user=0.02 sys=0.01, real=0.01 secs]
2021-05-07T23:28:56.688-0800: [GC pause (G1 Evacuation Pause) (mixed), 0.0066492 secs]
   [Parallel Time: 5.2 ms, GC Workers: 8]
      [GC Worker Start (ms): Min: 827.6, Avg: 827.7, Max: 827.7, Diff: 0.1]
      [Ext Root Scanning (ms): Min: 0.1, Avg: 0.2, Max: 0.6, Diff: 0.5, Sum: 1.2]
      [Update RS (ms): Min: 0.0, Avg: 0.4, Max: 0.5, Diff: 0.5, Sum: 3.2]
         [Processed Buffers: Min: 0, Avg: 5.1, Max: 7, Diff: 7, Sum: 41]
      [Scan RS (ms): Min: 0.0, Avg: 0.0, Max: 0.1, Diff: 0.1, Sum: 0.3]
      [Code Root Scanning (ms): Min: 0.0, Avg: 0.0, Max: 0.0, Diff: 0.0, Sum: 0.0]
      [Object Copy (ms): Min: 4.0, Avg: 4.1, Max: 4.2, Diff: 0.2, Sum: 32.7]
      [Termination (ms): Min: 0.0, Avg: 0.2, Max: 0.4, Diff: 0.4, Sum: 1.7]
         [Termination Attempts: Min: 1, Avg: 1.0, Max: 1, Diff: 0, Sum: 8]
      [GC Worker Other (ms): Min: 0.0, Avg: 0.0, Max: 0.0, Diff: 0.0, Sum: 0.1]
      [GC Worker Total (ms): Min: 4.8, Avg: 4.9, Max: 5.0, Diff: 0.2, Sum: 39.2]
      [GC Worker End (ms): Min: 832.5, Avg: 832.6, Max: 832.7, Diff: 0.2]
   [Code Root Fixup: 0.0 ms]
   [Code Root Purge: 0.0 ms]
   [Clear CT: 0.1 ms]
   [Other: 1.4 ms]
      [Choose CSet: 0.0 ms]
      [Ref Proc: 0.9 ms]
      [Ref Enq: 0.0 ms]
      [Redirty Cards: 0.1 ms]
      [Humongous Register: 0.1 ms]
      [Humongous Reclaim: 0.0 ms]
      [Free CSet: 0.1 ms]
   [Eden: 45056.0K(45056.0K)->0.0B(45056.0K) Survivors: 7168.0K->7168.0K Heap: 597.9M(1024.0M)->475.8M(1024.0M)]
 [Times: user=0.03 sys=0.00, real=0.01 secs]
2021-05-07T23:28:56.705-0800: [GC pause (G1 Evacuation Pause) (mixed), 0.0054533 secs]
   [Parallel Time: 4.5 ms, GC Workers: 8]
      [GC Worker Start (ms): Min: 844.0, Avg: 844.1, Max: 844.1, Diff: 0.1]
      [Ext Root Scanning (ms): Min: 0.0, Avg: 0.1, Max: 0.1, Diff: 0.1, Sum: 0.7]
      [Update RS (ms): Min: 0.5, Avg: 0.5, Max: 0.5, Diff: 0.1, Sum: 3.9]
         [Processed Buffers: Min: 2, Avg: 6.0, Max: 7, Diff: 5, Sum: 48]
      [Scan RS (ms): Min: 0.0, Avg: 0.0, Max: 0.0, Diff: 0.0, Sum: 0.2]
      [Code Root Scanning (ms): Min: 0.0, Avg: 0.0, Max: 0.0, Diff: 0.0, Sum: 0.0]
      [Object Copy (ms): Min: 3.1, Avg: 3.2, Max: 3.5, Diff: 0.3, Sum: 25.8]
      [Termination (ms): Min: 0.0, Avg: 0.4, Max: 0.6, Diff: 0.6, Sum: 3.4]
         [Termination Attempts: Min: 1, Avg: 1.0, Max: 1, Diff: 0, Sum: 8]
      [GC Worker Other (ms): Min: 0.0, Avg: 0.0, Max: 0.0, Diff: 0.0, Sum: 0.1]
      [GC Worker Total (ms): Min: 4.1, Avg: 4.3, Max: 4.4, Diff: 0.3, Sum: 34.1]
      [GC Worker End (ms): Min: 848.2, Avg: 848.3, Max: 848.4, Diff: 0.3]
   [Code Root Fixup: 0.0 ms]
   [Code Root Purge: 0.0 ms]
   [Clear CT: 0.1 ms]
   [Other: 0.8 ms]
      [Choose CSet: 0.0 ms]
      [Ref Proc: 0.3 ms]
      [Ref Enq: 0.0 ms]
      [Redirty Cards: 0.1 ms]
      [Humongous Register: 0.1 ms]
      [Humongous Reclaim: 0.0 ms]
      [Free CSet: 0.0 ms]
   [Eden: 45056.0K(45056.0K)->0.0B(337.0M) Survivors: 7168.0K->7168.0K Heap: 532.8M(1024.0M)->465.2M(1024.0M)]
 [Times: user=0.03 sys=0.01, real=0.01 secs]
2021-05-07T23:28:56.711-0800: [GC pause (G1 Humongous Allocation) (young) (initial-mark), 0.0011687 secs]
   [Parallel Time: 0.5 ms, GC Workers: 8]
      [GC Worker Start (ms): Min: 849.9, Avg: 850.0, Max: 850.0, Diff: 0.1]
      [Ext Root Scanning (ms): Min: 0.1, Avg: 0.1, Max: 0.1, Diff: 0.1, Sum: 0.7]
      [Update RS (ms): Min: 0.0, Avg: 0.1, Max: 0.1, Diff: 0.1, Sum: 0.5]
         [Processed Buffers: Min: 1, Avg: 1.1, Max: 2, Diff: 1, Sum: 9]
      [Scan RS (ms): Min: 0.0, Avg: 0.0, Max: 0.0, Diff: 0.0, Sum: 0.0]
      [Code Root Scanning (ms): Min: 0.0, Avg: 0.0, Max: 0.0, Diff: 0.0, Sum: 0.0]
      [Object Copy (ms): Min: 0.2, Avg: 0.2, Max: 0.3, Diff: 0.1, Sum: 1.9]
      [Termination (ms): Min: 0.0, Avg: 0.0, Max: 0.1, Diff: 0.1, Sum: 0.3]
         [Termination Attempts: Min: 1, Avg: 1.0, Max: 1, Diff: 0, Sum: 8]
      [GC Worker Other (ms): Min: 0.0, Avg: 0.0, Max: 0.0, Diff: 0.0, Sum: 0.1]
      [GC Worker Total (ms): Min: 0.4, Avg: 0.4, Max: 0.5, Diff: 0.1, Sum: 3.5]
      [GC Worker End (ms): Min: 850.4, Avg: 850.4, Max: 850.4, Diff: 0.0]
   [Code Root Fixup: 0.0 ms]
   [Code Root Purge: 0.0 ms]
   [Clear CT: 0.1 ms]
   [Other: 0.5 ms]
      [Choose CSet: 0.0 ms]
      [Ref Proc: 0.2 ms]
      [Ref Enq: 0.0 ms]
      [Redirty Cards: 0.1 ms]
      [Humongous Register: 0.1 ms]
      [Humongous Reclaim: 0.0 ms]
      [Free CSet: 0.0 ms]
   [Eden: 2048.0K(337.0M)->0.0B(325.0M) Survivors: 7168.0K->7168.0K Heap: 466.6M(1024.0M)->465.2M(1024.0M)]
 [Times: user=0.00 sys=0.00, real=0.00 secs]
2021-05-07T23:28:56.712-0800: [GC concurrent-root-region-scan-start]
2021-05-07T23:28:56.712-0800: [GC concurrent-root-region-scan-end, 0.0000903 secs]
2021-05-07T23:28:56.712-0800: [GC concurrent-mark-start]
2021-05-07T23:28:56.713-0800: [GC concurrent-mark-end, 0.0011589 secs]
2021-05-07T23:28:56.713-0800: [GC remark 2021-05-07T23:28:56.713-0800: [Finalize Marking, 0.0002129 secs] 2021-05-07T23:28:56.714-0800: [GC ref-proc, 0.0000444 secs] 2021-05-07T23:28:56.714-0800: [Unloading, 0.0004163 secs], 0.0015562 secs]
 [Times: user=0.01 sys=0.00, real=0.00 secs]
2021-05-07T23:28:56.715-0800: [GC cleanup 472M->470M(1024M), 0.0009732 secs]
 [Times: user=0.00 sys=0.00, real=0.00 secs]
2021-05-07T23:28:56.716-0800: [GC concurrent-cleanup-start]
2021-05-07T23:28:56.716-0800: [GC concurrent-cleanup-end, 0.0000163 secs]
2021-05-07T23:28:56.774-0800: [GC pause (G1 Evacuation Pause) (young) (to-space exhausted), 0.0061626 secs]
   [Parallel Time: 4.8 ms, GC Workers: 8]
      [GC Worker Start (ms): Min: 913.3, Avg: 913.4, Max: 913.4, Diff: 0.1]
      [Ext Root Scanning (ms): Min: 0.0, Avg: 0.1, Max: 0.1, Diff: 0.1, Sum: 0.6]
      [Update RS (ms): Min: 0.3, Avg: 0.4, Max: 0.4, Diff: 0.1, Sum: 3.1]
         [Processed Buffers: Min: 0, Avg: 5.1, Max: 6, Diff: 6, Sum: 41]
      [Scan RS (ms): Min: 0.0, Avg: 0.0, Max: 0.1, Diff: 0.0, Sum: 0.2]
      [Code Root Scanning (ms): Min: 0.0, Avg: 0.0, Max: 0.0, Diff: 0.0, Sum: 0.0]
      [Object Copy (ms): Min: 4.0, Avg: 4.0, Max: 4.1, Diff: 0.1, Sum: 32.3]
      [Termination (ms): Min: 0.0, Avg: 0.1, Max: 0.2, Diff: 0.2, Sum: 0.5]
         [Termination Attempts: Min: 1, Avg: 1.1, Max: 2, Diff: 1, Sum: 9]
      [GC Worker Other (ms): Min: 0.0, Avg: 0.0, Max: 0.0, Diff: 0.0, Sum: 0.1]
      [GC Worker Total (ms): Min: 4.5, Avg: 4.6, Max: 4.7, Diff: 0.2, Sum: 36.8]
      [GC Worker End (ms): Min: 917.9, Avg: 918.0, Max: 918.0, Diff: 0.1]
   [Code Root Fixup: 0.0 ms]
   [Code Root Purge: 0.0 ms]
   [Clear CT: 0.1 ms]
   [Other: 1.3 ms]
      [Evacuation Failure: 0.5 ms]
      [Choose CSet: 0.0 ms]
      [Ref Proc: 0.2 ms]
      [Ref Enq: 0.0 ms]
      [Redirty Cards: 0.1 ms]
      [Humongous Register: 0.1 ms]
      [Humongous Reclaim: 0.1 ms]
      [Free CSet: 0.1 ms]
   [Eden: 325.0M(325.0M)->0.0B(9216.0K) Survivors: 7168.0K->43008.0K Heap: 869.2M(1024.0M)->707.8M(1024.0M)]
 [Times: user=0.04 sys=0.00, real=0.01 secs]
2021-05-07T23:28:56.782-0800: [GC pause (G1 Evacuation Pause) (mixed), 0.0078792 secs]
   [Parallel Time: 6.4 ms, GC Workers: 8]
      [GC Worker Start (ms): Min: 921.2, Avg: 921.2, Max: 921.3, Diff: 0.1]
      [Ext Root Scanning (ms): Min: 0.0, Avg: 0.1, Max: 0.1, Diff: 0.1, Sum: 0.6]
      [Update RS (ms): Min: 0.3, Avg: 0.3, Max: 0.3, Diff: 0.0, Sum: 2.3]
         [Processed Buffers: Min: 4, Avg: 5.4, Max: 8, Diff: 4, Sum: 43]
      [Scan RS (ms): Min: 0.0, Avg: 0.0, Max: 0.1, Diff: 0.0, Sum: 0.3]
      [Code Root Scanning (ms): Min: 0.0, Avg: 0.0, Max: 0.0, Diff: 0.0, Sum: 0.0]
      [Object Copy (ms): Min: 5.4, Avg: 5.5, Max: 5.7, Diff: 0.3, Sum: 43.9]
      [Termination (ms): Min: 0.0, Avg: 0.4, Max: 0.5, Diff: 0.5, Sum: 2.8]
         [Termination Attempts: Min: 1, Avg: 1.0, Max: 1, Diff: 0, Sum: 8]
      [GC Worker Other (ms): Min: 0.0, Avg: 0.0, Max: 0.0, Diff: 0.0, Sum: 0.1]
      [GC Worker Total (ms): Min: 6.1, Avg: 6.3, Max: 6.4, Diff: 0.3, Sum: 50.1]
      [GC Worker End (ms): Min: 927.4, Avg: 927.5, Max: 927.6, Diff: 0.2]
   [Code Root Fixup: 0.0 ms]
   [Code Root Purge: 0.0 ms]
   [Clear CT: 0.1 ms]
   [Other: 1.3 ms]
      [Choose CSet: 0.0 ms]
      [Ref Proc: 0.9 ms]
      [Ref Enq: 0.0 ms]
      [Redirty Cards: 0.1 ms]
      [Humongous Register: 0.1 ms]
      [Humongous Reclaim: 0.0 ms]
      [Free CSet: 0.1 ms]
   [Eden: 9216.0K(9216.0K)->0.0B(49152.0K) Survivors: 43008.0K->3072.0K Heap: 719.9M(1024.0M)->635.8M(1024.0M)]
 [Times: user=0.04 sys=0.02, real=0.01 secs]
2021-05-07T23:28:56.800-0800: [GC pause (G1 Evacuation Pause) (mixed), 0.0042818 secs]
   [Parallel Time: 2.9 ms, GC Workers: 8]
      [GC Worker Start (ms): Min: 939.2, Avg: 939.3, Max: 939.3, Diff: 0.1]
      [Ext Root Scanning (ms): Min: 0.1, Avg: 0.1, Max: 0.1, Diff: 0.1, Sum: 0.8]
      [Update RS (ms): Min: 0.7, Avg: 0.7, Max: 0.8, Diff: 0.1, Sum: 6.0]
         [Processed Buffers: Min: 2, Avg: 6.4, Max: 9, Diff: 7, Sum: 51]
      [Scan RS (ms): Min: 0.0, Avg: 0.0, Max: 0.0, Diff: 0.0, Sum: 0.1]
      [Code Root Scanning (ms): Min: 0.0, Avg: 0.0, Max: 0.0, Diff: 0.0, Sum: 0.0]
      [Object Copy (ms): Min: 1.0, Avg: 1.2, Max: 1.8, Diff: 0.7, Sum: 9.7]
      [Termination (ms): Min: 0.0, Avg: 0.6, Max: 0.9, Diff: 0.9, Sum: 4.8]
         [Termination Attempts: Min: 1, Avg: 1.2, Max: 2, Diff: 1, Sum: 10]
      [GC Worker Other (ms): Min: 0.0, Avg: 0.0, Max: 0.0, Diff: 0.0, Sum: 0.1]
      [GC Worker Total (ms): Min: 2.6, Avg: 2.7, Max: 2.8, Diff: 0.2, Sum: 21.5]
      [GC Worker End (ms): Min: 941.9, Avg: 941.9, Max: 942.1, Diff: 0.2]
   [Code Root Fixup: 0.0 ms]
   [Code Root Purge: 0.0 ms]
   [Clear CT: 0.1 ms]
   [Other: 1.3 ms]
      [Choose CSet: 0.0 ms]
      [Ref Proc: 0.8 ms]
      [Ref Enq: 0.0 ms]
      [Redirty Cards: 0.1 ms]
      [Humongous Register: 0.1 ms]
      [Humongous Reclaim: 0.1 ms]
      [Free CSet: 0.0 ms]
   [Eden: 49152.0K(49152.0K)->0.0B(174.0M) Survivors: 3072.0K->7168.0K Heap: 694.9M(1024.0M)->642.5M(1024.0M)]
 [Times: user=0.02 sys=0.00, real=0.00 secs]
2021-05-07T23:28:56.805-0800: [GC pause (G1 Humongous Allocation) (young) (initial-mark), 0.0012935 secs]
   [Parallel Time: 0.7 ms, GC Workers: 8]
      [GC Worker Start (ms): Min: 944.2, Avg: 944.3, Max: 944.4, Diff: 0.2]
      [Ext Root Scanning (ms): Min: 0.0, Avg: 0.1, Max: 0.2, Diff: 0.2, Sum: 0.7]
      [Update RS (ms): Min: 0.0, Avg: 0.1, Max: 0.2, Diff: 0.2, Sum: 0.6]
         [Processed Buffers: Min: 1, Avg: 1.1, Max: 2, Diff: 1, Sum: 9]
      [Scan RS (ms): Min: 0.0, Avg: 0.0, Max: 0.0, Diff: 0.0, Sum: 0.0]
      [Code Root Scanning (ms): Min: 0.0, Avg: 0.0, Max: 0.0, Diff: 0.0, Sum: 0.0]
      [Object Copy (ms): Min: 0.2, Avg: 0.3, Max: 0.4, Diff: 0.2, Sum: 2.5]
      [Termination (ms): Min: 0.0, Avg: 0.1, Max: 0.2, Diff: 0.2, Sum: 0.5]
         [Termination Attempts: Min: 1, Avg: 1.0, Max: 1, Diff: 0, Sum: 8]
      [GC Worker Other (ms): Min: 0.0, Avg: 0.0, Max: 0.0, Diff: 0.0, Sum: 0.1]
      [GC Worker Total (ms): Min: 0.5, Avg: 0.5, Max: 0.6, Diff: 0.2, Sum: 4.3]
      [GC Worker End (ms): Min: 944.8, Avg: 944.8, Max: 944.9, Diff: 0.1]
   [Code Root Fixup: 0.0 ms]
   [Code Root Purge: 0.0 ms]
   [Clear CT: 0.1 ms]
   [Other: 0.5 ms]
      [Choose CSet: 0.0 ms]
      [Ref Proc: 0.2 ms]
      [Ref Enq: 0.0 ms]
      [Redirty Cards: 0.1 ms]
      [Humongous Register: 0.1 ms]
      [Humongous Reclaim: 0.0 ms]
      [Free CSet: 0.0 ms]
   [Eden: 3072.0K(174.0M)->0.0B(161.0M) Survivors: 7168.0K->9216.0K Heap: 645.5M(1024.0M)->644.3M(1024.0M)]
 [Times: user=0.01 sys=0.00, real=0.00 secs]
2021-05-07T23:28:56.807-0800: [GC concurrent-root-region-scan-start]
2021-05-07T23:28:56.807-0800: [GC concurrent-root-region-scan-end, 0.0001218 secs]
2021-05-07T23:28:56.807-0800: [GC concurrent-mark-start]
2021-05-07T23:28:56.808-0800: [GC concurrent-mark-end, 0.0015495 secs]
2021-05-07T23:28:56.808-0800: [GC remark 2021-05-07T23:28:56.808-0800: [Finalize Marking, 0.0001520 secs] 2021-05-07T23:28:56.809-0800: [GC ref-proc, 0.0000429 secs] 2021-05-07T23:28:56.809-0800: [Unloading, 0.0003693 secs], 0.0014333 secs]
 [Times: user=0.01 sys=0.00, real=0.01 secs]
2021-05-07T23:28:56.810-0800: [GC cleanup 655M->646M(1024M), 0.0009200 secs]
 [Times: user=0.00 sys=0.00, real=0.00 secs]
2021-05-07T23:28:56.811-0800: [GC concurrent-cleanup-start]
2021-05-07T23:28:56.811-0800: [GC concurrent-cleanup-end, 0.0000247 secs]
2021-05-07T23:28:56.840-0800: [GC pause (G1 Evacuation Pause) (young), 0.0065300 secs]
   [Parallel Time: 5.8 ms, GC Workers: 8]
      [GC Worker Start (ms): Min: 979.4, Avg: 979.5, Max: 979.5, Diff: 0.1]
      [Ext Root Scanning (ms): Min: 0.0, Avg: 0.1, Max: 0.1, Diff: 0.1, Sum: 0.7]
      [Update RS (ms): Min: 0.5, Avg: 0.5, Max: 0.5, Diff: 0.0, Sum: 3.9]
         [Processed Buffers: Min: 2, Avg: 6.6, Max: 8, Diff: 6, Sum: 53]
      [Scan RS (ms): Min: 0.0, Avg: 0.0, Max: 0.0, Diff: 0.0, Sum: 0.1]
      [Code Root Scanning (ms): Min: 0.0, Avg: 0.0, Max: 0.0, Diff: 0.0, Sum: 0.0]
      [Object Copy (ms): Min: 4.7, Avg: 4.7, Max: 4.9, Diff: 0.3, Sum: 37.9]
      [Termination (ms): Min: 0.0, Avg: 0.3, Max: 0.4, Diff: 0.4, Sum: 2.1]
         [Termination Attempts: Min: 1, Avg: 1.0, Max: 1, Diff: 0, Sum: 8]
      [GC Worker Other (ms): Min: 0.0, Avg: 0.0, Max: 0.0, Diff: 0.0, Sum: 0.1]
      [GC Worker Total (ms): Min: 5.5, Avg: 5.6, Max: 5.7, Diff: 0.2, Sum: 44.7]
      [GC Worker End (ms): Min: 985.0, Avg: 985.0, Max: 985.2, Diff: 0.2]
   [Code Root Fixup: 0.0 ms]
   [Code Root Purge: 0.0 ms]
   [Clear CT: 0.1 ms]
   [Other: 0.6 ms]
      [Choose CSet: 0.0 ms]
      [Ref Proc: 0.2 ms]
      [Ref Enq: 0.0 ms]
      [Redirty Cards: 0.1 ms]
      [Humongous Register: 0.1 ms]
      [Humongous Reclaim: 0.1 ms]
      [Free CSet: 0.1 ms]
   [Eden: 161.0M(161.0M)->0.0B(29696.0K) Survivors: 9216.0K->22528.0K Heap: 840.8M(1024.0M)->685.5M(1024.0M)]
 [Times: user=0.04 sys=0.00, real=0.00 secs]
2021-05-07T23:28:56.852-0800: [GC pause (G1 Evacuation Pause) (mixed), 0.0047234 secs]
   [Parallel Time: 3.3 ms, GC Workers: 8]
      [GC Worker Start (ms): Min: 991.8, Avg: 991.8, Max: 991.9, Diff: 0.1]
      [Ext Root Scanning (ms): Min: 0.1, Avg: 0.1, Max: 0.3, Diff: 0.2, Sum: 1.0]
      [Update RS (ms): Min: 0.5, Avg: 0.6, Max: 0.7, Diff: 0.2, Sum: 5.0]
         [Processed Buffers: Min: 6, Avg: 7.6, Max: 9, Diff: 3, Sum: 61]
      [Scan RS (ms): Min: 0.0, Avg: 0.0, Max: 0.0, Diff: 0.0, Sum: 0.2]
      [Code Root Scanning (ms): Min: 0.0, Avg: 0.0, Max: 0.0, Diff: 0.0, Sum: 0.0]
      [Object Copy (ms): Min: 2.3, Avg: 2.3, Max: 2.3, Diff: 0.0, Sum: 18.6]
      [Termination (ms): Min: 0.0, Avg: 0.0, Max: 0.0, Diff: 0.0, Sum: 0.1]
         [Termination Attempts: Min: 1, Avg: 1.0, Max: 1, Diff: 0, Sum: 8]
      [GC Worker Other (ms): Min: 0.0, Avg: 0.0, Max: 0.0, Diff: 0.0, Sum: 0.1]
      [GC Worker Total (ms): Min: 3.1, Avg: 3.1, Max: 3.2, Diff: 0.1, Sum: 25.1]
      [GC Worker End (ms): Min: 995.0, Avg: 995.0, Max: 995.0, Diff: 0.0]
   [Code Root Fixup: 0.0 ms]
   [Code Root Purge: 0.0 ms]
   [Clear CT: 0.2 ms]
   [Other: 1.2 ms]
      [Choose CSet: 0.1 ms]
      [Ref Proc: 0.8 ms]
      [Ref Enq: 0.0 ms]
      [Redirty Cards: 0.1 ms]
      [Humongous Register: 0.1 ms]
      [Humongous Reclaim: 0.0 ms]
      [Free CSet: 0.1 ms]
   [Eden: 29696.0K(29696.0K)->0.0B(45056.0K) Survivors: 22528.0K->7168.0K Heap: 720.9M(1024.0M)->597.8M(1024.0M)]
 [Times: user=0.03 sys=0.01, real=0.00 secs]
2021-05-07T23:28:56.866-0800: [GC pause (G1 Evacuation Pause) (mixed), 0.0061251 secs]
   [Parallel Time: 5.3 ms, GC Workers: 8]
      [GC Worker Start (ms): Min: 1005.6, Avg: 1005.6, Max: 1005.7, Diff: 0.1]
      [Ext Root Scanning (ms): Min: 0.1, Avg: 0.1, Max: 0.5, Diff: 0.5, Sum: 1.2]
      [Update RS (ms): Min: 0.5, Avg: 0.8, Max: 0.9, Diff: 0.4, Sum: 6.5]
         [Processed Buffers: Min: 1, Avg: 8.5, Max: 12, Diff: 11, Sum: 68]
      [Scan RS (ms): Min: 0.0, Avg: 0.0, Max: 0.1, Diff: 0.1, Sum: 0.3]
      [Code Root Scanning (ms): Min: 0.0, Avg: 0.0, Max: 0.0, Diff: 0.0, Sum: 0.0]
      [Object Copy (ms): Min: 3.4, Avg: 3.5, Max: 3.9, Diff: 0.5, Sum: 28.1]
      [Termination (ms): Min: 0.0, Avg: 0.5, Max: 0.7, Diff: 0.7, Sum: 4.2]
         [Termination Attempts: Min: 1, Avg: 1.1, Max: 2, Diff: 1, Sum: 9]
      [GC Worker Other (ms): Min: 0.0, Avg: 0.0, Max: 0.0, Diff: 0.0, Sum: 0.1]
      [GC Worker Total (ms): Min: 4.9, Avg: 5.0, Max: 5.2, Diff: 0.3, Sum: 40.4]
      [GC Worker End (ms): Min: 1010.5, Avg: 1010.7, Max: 1010.8, Diff: 0.2]
   [Code Root Fixup: 0.0 ms]
   [Code Root Purge: 0.0 ms]
   [Clear CT: 0.1 ms]
   [Other: 0.7 ms]
      [Choose CSet: 0.0 ms]
      [Ref Proc: 0.2 ms]
      [Ref Enq: 0.0 ms]
      [Redirty Cards: 0.1 ms]
      [Humongous Register: 0.1 ms]
      [Humongous Reclaim: 0.0 ms]
      [Free CSet: 0.2 ms]
   [Eden: 45056.0K(45056.0K)->0.0B(45056.0K) Survivors: 7168.0K->7168.0K Heap: 654.1M(1024.0M)->527.3M(1024.0M)]
 [Times: user=0.03 sys=0.00, real=0.01 secs]
2021-05-07T23:28:56.882-0800: [GC pause (G1 Evacuation Pause) (mixed), 0.0060441 secs]
   [Parallel Time: 5.2 ms, GC Workers: 8]
      [GC Worker Start (ms): Min: 1021.0, Avg: 1021.0, Max: 1021.1, Diff: 0.1]
      [Ext Root Scanning (ms): Min: 0.1, Avg: 0.1, Max: 0.1, Diff: 0.1, Sum: 0.7]
      [Update RS (ms): Min: 0.8, Avg: 0.9, Max: 0.9, Diff: 0.1, Sum: 6.8]
         [Processed Buffers: Min: 6, Avg: 10.0, Max: 11, Diff: 5, Sum: 80]
      [Scan RS (ms): Min: 0.0, Avg: 0.0, Max: 0.1, Diff: 0.0, Sum: 0.3]
      [Code Root Scanning (ms): Min: 0.0, Avg: 0.0, Max: 0.0, Diff: 0.0, Sum: 0.0]
      [Object Copy (ms): Min: 4.0, Avg: 4.1, Max: 4.1, Diff: 0.1, Sum: 32.4]
      [Termination (ms): Min: 0.0, Avg: 0.1, Max: 0.1, Diff: 0.1, Sum: 0.7]
         [Termination Attempts: Min: 1, Avg: 1.0, Max: 1, Diff: 0, Sum: 8]
      [GC Worker Other (ms): Min: 0.0, Avg: 0.0, Max: 0.0, Diff: 0.0, Sum: 0.1]
      [GC Worker Total (ms): Min: 5.1, Avg: 5.1, Max: 5.2, Diff: 0.1, Sum: 41.1]
      [GC Worker End (ms): Min: 1026.2, Avg: 1026.2, Max: 1026.2, Diff: 0.0]
   [Code Root Fixup: 0.0 ms]
   [Code Root Purge: 0.0 ms]
   [Clear CT: 0.1 ms]
   [Other: 0.6 ms]
      [Choose CSet: 0.0 ms]
      [Ref Proc: 0.2 ms]
      [Ref Enq: 0.0 ms]
      [Redirty Cards: 0.1 ms]
      [Humongous Register: 0.1 ms]
      [Humongous Reclaim: 0.0 ms]
      [Free CSet: 0.1 ms]
   [Eden: 45056.0K(45056.0K)->0.0B(45056.0K) Survivors: 7168.0K->7168.0K Heap: 583.6M(1024.0M)->471.0M(1024.0M)]
 [Times: user=0.03 sys=0.01, real=0.00 secs]
2021-05-07T23:28:56.897-0800: [GC pause (G1 Evacuation Pause) (mixed), 0.0037901 secs]
   [Parallel Time: 3.0 ms, GC Workers: 8]
      [GC Worker Start (ms): Min: 1036.4, Avg: 1036.5, Max: 1036.5, Diff: 0.1]
      [Ext Root Scanning (ms): Min: 0.1, Avg: 0.2, Max: 1.1, Diff: 1.0, Sum: 1.8]
      [Update RS (ms): Min: 0.0, Avg: 0.8, Max: 1.0, Diff: 1.0, Sum: 6.4]
         [Processed Buffers: Min: 0, Avg: 9.2, Max: 12, Diff: 12, Sum: 74]
      [Scan RS (ms): Min: 0.0, Avg: 0.0, Max: 0.1, Diff: 0.1, Sum: 0.2]
      [Code Root Scanning (ms): Min: 0.0, Avg: 0.0, Max: 0.0, Diff: 0.0, Sum: 0.0]
      [Object Copy (ms): Min: 1.6, Avg: 1.7, Max: 1.8, Diff: 0.2, Sum: 13.7]
      [Termination (ms): Min: 0.0, Avg: 0.1, Max: 0.1, Diff: 0.1, Sum: 0.6]
         [Termination Attempts: Min: 1, Avg: 1.1, Max: 2, Diff: 1, Sum: 9]
      [GC Worker Other (ms): Min: 0.0, Avg: 0.0, Max: 0.0, Diff: 0.0, Sum: 0.1]
      [GC Worker Total (ms): Min: 2.8, Avg: 2.8, Max: 2.9, Diff: 0.1, Sum: 22.8]
      [GC Worker End (ms): Min: 1039.3, Avg: 1039.3, Max: 1039.3, Diff: 0.1]
   [Code Root Fixup: 0.0 ms]
   [Code Root Purge: 0.0 ms]
   [Clear CT: 0.1 ms]
   [Other: 0.7 ms]
      [Choose CSet: 0.0 ms]
      [Ref Proc: 0.3 ms]
      [Ref Enq: 0.0 ms]
      [Redirty Cards: 0.1 ms]
      [Humongous Register: 0.1 ms]
      [Humongous Reclaim: 0.0 ms]
      [Free CSet: 0.0 ms]
   [Eden: 45056.0K(45056.0K)->0.0B(286.0M) Survivors: 7168.0K->7168.0K Heap: 528.1M(1024.0M)->482.2M(1024.0M)]
 [Times: user=0.03 sys=0.00, real=0.01 secs]
2021-05-07T23:28:56.902-0800: [GC pause (G1 Humongous Allocation) (young) (initial-mark), 0.0020793 secs]
   [Parallel Time: 1.3 ms, GC Workers: 8]
      [GC Worker Start (ms): Min: 1041.0, Avg: 1041.0, Max: 1041.1, Diff: 0.2]
      [Ext Root Scanning (ms): Min: 0.0, Avg: 0.1, Max: 0.2, Diff: 0.2, Sum: 1.2]
      [Update RS (ms): Min: 0.0, Avg: 0.1, Max: 0.6, Diff: 0.6, Sum: 1.1]
         [Processed Buffers: Min: 0, Avg: 1.1, Max: 4, Diff: 4, Sum: 9]
      [Scan RS (ms): Min: 0.0, Avg: 0.0, Max: 0.0, Diff: 0.0, Sum: 0.0]
      [Code Root Scanning (ms): Min: 0.0, Avg: 0.0, Max: 0.0, Diff: 0.0, Sum: 0.0]
      [Object Copy (ms): Min: 0.1, Avg: 0.3, Max: 0.8, Diff: 0.7, Sum: 2.7]
      [Termination (ms): Min: 0.0, Avg: 0.5, Max: 0.7, Diff: 0.7, Sum: 3.7]
         [Termination Attempts: Min: 1, Avg: 1.8, Max: 4, Diff: 3, Sum: 14]
      [GC Worker Other (ms): Min: 0.0, Avg: 0.0, Max: 0.0, Diff: 0.0, Sum: 0.1]
      [GC Worker Total (ms): Min: 1.0, Avg: 1.1, Max: 1.2, Diff: 0.2, Sum: 8.7]
      [GC Worker End (ms): Min: 1042.0, Avg: 1042.1, Max: 1042.2, Diff: 0.2]
   [Code Root Fixup: 0.0 ms]
   [Code Root Purge: 0.0 ms]
   [Clear CT: 0.1 ms]
   [Other: 0.6 ms]
      [Choose CSet: 0.0 ms]
      [Ref Proc: 0.3 ms]
      [Ref Enq: 0.0 ms]
      [Redirty Cards: 0.1 ms]
      [Humongous Register: 0.1 ms]
      [Humongous Reclaim: 0.0 ms]
      [Free CSet: 0.0 ms]
   [Eden: 5120.0K(286.0M)->0.0B(289.0M) Survivors: 7168.0K->9216.0K Heap: 487.0M(1024.0M)->482.1M(1024.0M)]
 [Times: user=0.00 sys=0.00, real=0.00 secs]
2021-05-07T23:28:56.904-0800: [GC concurrent-root-region-scan-start]
2021-05-07T23:28:56.904-0800: [GC concurrent-root-region-scan-end, 0.0001568 secs]
2021-05-07T23:28:56.904-0800: [GC concurrent-mark-start]
2021-05-07T23:28:56.905-0800: [GC concurrent-mark-end, 0.0013569 secs]
2021-05-07T23:28:56.906-0800: [GC remark 2021-05-07T23:28:56.906-0800: [Finalize Marking, 0.0001589 secs] 2021-05-07T23:28:56.906-0800: [GC ref-proc, 0.0000496 secs] 2021-05-07T23:28:56.906-0800: [Unloading, 0.0003681 secs], 0.0014299 secs]
 [Times: user=0.01 sys=0.00, real=0.00 secs]
2021-05-07T23:28:56.907-0800: [GC cleanup 493M->488M(1024M), 0.0008138 secs]
 [Times: user=0.00 sys=0.00, real=0.00 secs]
2021-05-07T23:28:56.908-0800: [GC concurrent-cleanup-start]
2021-05-07T23:28:56.908-0800: [GC concurrent-cleanup-end, 0.0000183 secs]
执行结束!共生成对象次数:13024
Heap
 garbage-first heap   total 1048576K, used 684458K [0x0000000780000000, 0x0000000780102000, 0x00000007c0000000)
  region size 1024K, 160 young (163840K), 9 survivors (9216K)
 Metaspace       used 2717K, capacity 4486K, committed 4864K, reserved 1056768K
  class space    used 280K, capacity 386K, committed 512K, reserved 1048576K
```

### -XX:+PrintGC

输出的内容简洁一些

```less
➜  java git:(master) ✗ java -XX:+PrintGC -XX:+PrintGCDateStamps -XX:+UseG1GC -Xms1g -Xmx1g week02.GCLogAnalysis
正在执行...
2021-05-07T23:30:43.792-0800: [GC pause (G1 Evacuation Pause) (young) 68345K->24226K(1024M), 0.0048293 secs]
2021-05-07T23:30:43.809-0800: [GC pause (G1 Evacuation Pause) (young) 77576K->40309K(1024M), 0.0044026 secs]
2021-05-07T23:30:43.827-0800: [GC pause (G1 Evacuation Pause) (young) 100058K->62046K(1024M), 0.0070451 secs]
2021-05-07T23:30:43.861-0800: [GC pause (G1 Evacuation Pause) (young) 141M->89347K(1024M), 0.0094605 secs]
2021-05-07T23:30:43.903-0800: [GC pause (G1 Evacuation Pause) (young) 198M->129M(1024M), 0.0131012 secs]
2021-05-07T23:30:43.954-0800: [GC pause (G1 Evacuation Pause) (young) 264M->166M(1024M), 0.0102641 secs]
2021-05-07T23:30:44.000-0800: [GC pause (G1 Evacuation Pause) (young) 327M->215M(1024M), 0.0140587 secs]
2021-05-07T23:30:44.303-0800: [GC pause (G1 Evacuation Pause) (young)-- 913M->690M(1024M), 0.0041219 secs]
2021-05-07T23:30:44.307-0800: [GC pause (G1 Humongous Allocation) (young) (initial-mark) 691M->690M(1024M), 0.0008122 secs]
2021-05-07T23:30:44.308-0800: [GC concurrent-root-region-scan-start]
2021-05-07T23:30:44.308-0800: [GC concurrent-root-region-scan-end, 0.0000744 secs]
2021-05-07T23:30:44.308-0800: [GC concurrent-mark-start]
2021-05-07T23:30:44.313-0800: [GC concurrent-mark-end, 0.0043010 secs]
2021-05-07T23:30:44.313-0800: [GC remark, 0.0011022 secs]
2021-05-07T23:30:44.314-0800: [GC cleanup 726M->720M(1024M), 0.0006896 secs]
2021-05-07T23:30:44.315-0800: [GC concurrent-cleanup-start]
2021-05-07T23:30:44.315-0800: [GC concurrent-cleanup-end, 0.0000192 secs]
2021-05-07T23:30:44.339-0800: [GC pause (G1 Evacuation Pause) (young) 846M->739M(1024M), 0.0048593 secs]
2021-05-07T23:30:44.350-0800: [GC pause (G1 Evacuation Pause) (mixed) 782M->653M(1024M), 0.0044864 secs]
2021-05-07T23:30:44.363-0800: [GC pause (G1 Evacuation Pause) (mixed) 711M->572M(1024M), 0.0050151 secs]
2021-05-07T23:30:44.376-0800: [GC pause (G1 Evacuation Pause) (mixed) 625M->497M(1024M), 0.0047028 secs]
2021-05-07T23:30:44.389-0800: [GC pause (G1 Evacuation Pause) (mixed) 556M->437M(1024M), 0.0066496 secs]
2021-05-07T23:30:44.405-0800: [GC pause (G1 Evacuation Pause) (mixed) 497M->411M(1024M), 0.0062003 secs]
2021-05-07T23:30:44.413-0800: [GC pause (G1 Humongous Allocation) (young) (initial-mark) 422M->414M(1024M), 0.0017430 secs]
2021-05-07T23:30:44.415-0800: [GC concurrent-root-region-scan-start]
2021-05-07T23:30:44.415-0800: [GC concurrent-root-region-scan-end, 0.0001221 secs]
2021-05-07T23:30:44.415-0800: [GC concurrent-mark-start]
2021-05-07T23:30:44.416-0800: [GC concurrent-mark-end, 0.0013008 secs]
2021-05-07T23:30:44.416-0800: [GC remark, 0.0021089 secs]
2021-05-07T23:30:44.418-0800: [GC cleanup 422M->414M(1024M), 0.0008119 secs]
2021-05-07T23:30:44.419-0800: [GC concurrent-cleanup-start]
2021-05-07T23:30:44.419-0800: [GC concurrent-cleanup-end, 0.0000230 secs]
2021-05-07T23:30:44.494-0800: [GC pause (G1 Evacuation Pause) (young)-- 863M->697M(1024M), 0.0058755 secs]
2021-05-07T23:30:44.501-0800: [GC pause (G1 Evacuation Pause) (mixed) 703M->638M(1024M), 0.0072354 secs]
2021-05-07T23:30:44.509-0800: [GC pause (G1 Humongous Allocation) (young) (initial-mark) 641M->638M(1024M), 0.0020699 secs]
2021-05-07T23:30:44.511-0800: [GC concurrent-root-region-scan-start]
2021-05-07T23:30:44.511-0800: [GC concurrent-root-region-scan-end, 0.0001453 secs]
2021-05-07T23:30:44.511-0800: [GC concurrent-mark-start]
2021-05-07T23:30:44.513-0800: [GC concurrent-mark-end, 0.0017521 secs]
2021-05-07T23:30:44.513-0800: [GC remark, 0.0015481 secs]
2021-05-07T23:30:44.514-0800: [GC cleanup 652M->643M(1024M), 0.0009834 secs]
2021-05-07T23:30:44.515-0800: [GC concurrent-cleanup-start]
2021-05-07T23:30:44.515-0800: [GC concurrent-cleanup-end, 0.0000229 secs]
2021-05-07T23:30:44.553-0800: [GC pause (G1 Evacuation Pause) (young) 856M->685M(1024M), 0.0072153 secs]
2021-05-07T23:30:44.566-0800: [GC pause (G1 Evacuation Pause) (mixed) 719M->597M(1024M), 0.0040862 secs]
2021-05-07T23:30:44.581-0800: [GC pause (G1 Evacuation Pause) (mixed) 654M->525M(1024M), 0.0048587 secs]
2021-05-07T23:30:44.596-0800: [GC pause (G1 Evacuation Pause) (mixed) 583M->468M(1024M), 0.0090407 secs]
2021-05-07T23:30:44.615-0800: [GC pause (G1 Evacuation Pause) (mixed) 522M->475M(1024M), 0.0029965 secs]
2021-05-07T23:30:44.619-0800: [GC pause (G1 Humongous Allocation) (young) (initial-mark) 476M->475M(1024M), 0.0021468 secs]
2021-05-07T23:30:44.621-0800: [GC concurrent-root-region-scan-start]
2021-05-07T23:30:44.621-0800: [GC concurrent-root-region-scan-end, 0.0001577 secs]
2021-05-07T23:30:44.621-0800: [GC concurrent-mark-start]
2021-05-07T23:30:44.623-0800: [GC concurrent-mark-end, 0.0018926 secs]
2021-05-07T23:30:44.623-0800: [GC remark, 0.0031383 secs]
2021-05-07T23:30:44.626-0800: [GC cleanup 485M->480M(1024M), 0.0008593 secs]
2021-05-07T23:30:44.627-0800: [GC concurrent-cleanup-start]
2021-05-07T23:30:44.627-0800: [GC concurrent-cleanup-end, 0.0000207 secs]
2021-05-07T23:30:44.690-0800: [GC pause (G1 Evacuation Pause) (young)-- 860M->659M(1024M), 0.0079947 secs]
2021-05-07T23:30:44.700-0800: [GC pause (G1 Evacuation Pause) (mixed) 670M->586M(1024M), 0.0071129 secs]
2021-05-07T23:30:44.718-0800: [GC pause (G1 Evacuation Pause) (mixed) 649M->595M(1024M), 0.0031825 secs]
2021-05-07T23:30:44.722-0800: [GC pause (G1 Humongous Allocation) (young) (initial-mark) 598M->595M(1024M), 0.0014208 secs]
2021-05-07T23:30:44.723-0800: [GC concurrent-root-region-scan-start]
2021-05-07T23:30:44.723-0800: [GC concurrent-root-region-scan-end, 0.0001032 secs]
2021-05-07T23:30:44.723-0800: [GC concurrent-mark-start]
2021-05-07T23:30:44.725-0800: [GC concurrent-mark-end, 0.0021186 secs]
2021-05-07T23:30:44.726-0800: [GC remark, 0.0027621 secs]
2021-05-07T23:30:44.728-0800: [GC cleanup 607M->601M(1024M), 0.0008640 secs]
2021-05-07T23:30:44.729-0800: [GC concurrent-cleanup-start]
2021-05-07T23:30:44.729-0800: [GC concurrent-cleanup-end, 0.0000403 secs]
执行结束!共生成对象次数:11967
```



